Archive member included because of file (symbol)

c:/winavr-20100110/bin/../lib/gcc/avr/4.3.3/../../../../avr/lib\libpololu_atmega328p.a(OrangutanAnalog.o)
                              Calibrate_Speed.o (read_battery_millivolts_3pi)
c:/winavr-20100110/bin/../lib/gcc/avr/4.3.3/../../../../avr/lib\libpololu_atmega328p.a(OrangutanBuzzer.o)
                              Calibrate_Speed.o (is_playing)
c:/winavr-20100110/bin/../lib/gcc/avr/4.3.3/../../../../avr/lib\libpololu_atmega328p.a(OrangutanLCD.o)
                              Calibrate_Speed.o (lcd_goto_xy)
c:/winavr-20100110/bin/../lib/gcc/avr/4.3.3/../../../../avr/lib\libpololu_atmega328p.a(OrangutanMotors.o)
                              Calibrate_Speed.o (set_motors)
c:/winavr-20100110/bin/../lib/gcc/avr/4.3.3/../../../../avr/lib\libpololu_atmega328p.a(OrangutanPushbuttons.o)
                              Calibrate_Speed.o (button_is_pressed)
c:/winavr-20100110/bin/../lib/gcc/avr/4.3.3/../../../../avr/lib\libpololu_atmega328p.a(OrangutanResources.o)
                              c:/winavr-20100110/bin/../lib/gcc/avr/4.3.3/../../../../avr/lib\libpololu_atmega328p.a(OrangutanBuzzer.o) (buzzerInitialized)
c:/winavr-20100110/bin/../lib/gcc/avr/4.3.3/../../../../avr/lib\libpololu_atmega328p.a(OrangutanTime.o)
                              Calibrate_Speed.o (delay_ms)
c:/winavr-20100110/bin/../lib/gcc/avr/4.3.3/../../../../avr/lib\libpololu_atmega328p.a(Pololu3pi.o)
                              Calibrate_Speed.o (read_line)
c:/winavr-20100110/bin/../lib/gcc/avr/4.3.3/../../../../avr/lib\libpololu_atmega328p.a(PololuQTRSensors.o)
                              c:/winavr-20100110/bin/../lib/gcc/avr/4.3.3/../../../../avr/lib\libpololu_atmega328p.a(Pololu3pi.o) (PololuQTRSensors::emittersOff())
c:/winavr-20100110/bin/../lib/gcc/avr/4.3.3/avr5\libgcc.a(_mulsi3.o)
                              c:/winavr-20100110/bin/../lib/gcc/avr/4.3.3/../../../../avr/lib\libpololu_atmega328p.a(OrangutanAnalog.o) (__mulsi3)
c:/winavr-20100110/bin/../lib/gcc/avr/4.3.3/avr5\libgcc.a(_udivmodqi4.o)
                              c:/winavr-20100110/bin/../lib/gcc/avr/4.3.3/../../../../avr/lib\libpololu_atmega328p.a(OrangutanBuzzer.o) (__udivmodqi4)
c:/winavr-20100110/bin/../lib/gcc/avr/4.3.3/avr5\libgcc.a(_udivmodhi4.o)
                              c:/winavr-20100110/bin/../lib/gcc/avr/4.3.3/../../../../avr/lib\libpololu_atmega328p.a(OrangutanAnalog.o) (__udivmodhi4)
c:/winavr-20100110/bin/../lib/gcc/avr/4.3.3/avr5\libgcc.a(_divmodhi4.o)
                              Calibrate_Speed.o (__divmodhi4)
c:/winavr-20100110/bin/../lib/gcc/avr/4.3.3/avr5\libgcc.a(_udivmodsi4.o)
                              c:/winavr-20100110/bin/../lib/gcc/avr/4.3.3/../../../../avr/lib\libpololu_atmega328p.a(OrangutanAnalog.o) (__udivmodsi4)
c:/winavr-20100110/bin/../lib/gcc/avr/4.3.3/avr5\libgcc.a(_divmodsi4.o)
                              Calibrate_Speed.o (__divmodsi4)
c:/winavr-20100110/bin/../lib/gcc/avr/4.3.3/avr5\libgcc.a(_prologue.o)
                              c:/winavr-20100110/bin/../lib/gcc/avr/4.3.3/../../../../avr/lib\libpololu_atmega328p.a(OrangutanBuzzer.o) (__prologue_saves__)
c:/winavr-20100110/bin/../lib/gcc/avr/4.3.3/avr5\libgcc.a(_epilogue.o)
                              c:/winavr-20100110/bin/../lib/gcc/avr/4.3.3/../../../../avr/lib\libpololu_atmega328p.a(OrangutanBuzzer.o) (__epilogue_restores__)
c:/winavr-20100110/bin/../lib/gcc/avr/4.3.3/avr5\libgcc.a(_exit.o)
                              c:/winavr-20100110/bin/../lib/gcc/avr/4.3.3/../../../../avr/lib/avr5/crtm328p.o (exit)
c:/winavr-20100110/bin/../lib/gcc/avr/4.3.3/avr5\libgcc.a(_tablejump.o)
                              c:/winavr-20100110/bin/../lib/gcc/avr/4.3.3/../../../../avr/lib\libpololu_atmega328p.a(OrangutanBuzzer.o) (__tablejump2__)
c:/winavr-20100110/bin/../lib/gcc/avr/4.3.3/avr5\libgcc.a(_copy_data.o)
                              Calibrate_Speed.o (__do_copy_data)
c:/winavr-20100110/bin/../lib/gcc/avr/4.3.3/avr5\libgcc.a(_clear_bss.o)
                              Calibrate_Speed.o (__do_clear_bss)
c:/winavr-20100110/bin/../lib/gcc/avr/4.3.3/avr5\libgcc.a(_ctors.o)
                              c:/winavr-20100110/bin/../lib/gcc/avr/4.3.3/../../../../avr/lib\libpololu_atmega328p.a(Pololu3pi.o) (__do_global_ctors)
c:/winavr-20100110/bin/../lib/gcc/avr/4.3.3/avr5\libgcc.a(_dtors.o)
                              c:/winavr-20100110/bin/../lib/gcc/avr/4.3.3/../../../../avr/lib\libpololu_atmega328p.a(Pololu3pi.o) (__do_global_dtors)
c:/winavr-20100110/bin/../lib/gcc/avr/4.3.3/../../../../avr/lib/avr5\libc.a(malloc.o)
                              c:/winavr-20100110/bin/../lib/gcc/avr/4.3.3/../../../../avr/lib\libpololu_atmega328p.a(OrangutanLCD.o) (malloc)
c:/winavr-20100110/bin/../lib/gcc/avr/4.3.3/../../../../avr/lib/avr5\libc.a(fdevopen.o)
                              c:/winavr-20100110/bin/../lib/gcc/avr/4.3.3/../../../../avr/lib\libpololu_atmega328p.a(OrangutanLCD.o) (fdevopen)
c:/winavr-20100110/bin/../lib/gcc/avr/4.3.3/../../../../avr/lib/avr5\libc.a(iob.o)
                              c:/winavr-20100110/bin/../lib/gcc/avr/4.3.3/../../../../avr/lib/avr5\libc.a(fdevopen.o) (__iob)
c:/winavr-20100110/bin/../lib/gcc/avr/4.3.3/../../../../avr/lib/avr5\libc.a(calloc.o)
                              c:/winavr-20100110/bin/../lib/gcc/avr/4.3.3/../../../../avr/lib/avr5\libc.a(fdevopen.o) (calloc)
c:/winavr-20100110/bin/../lib/gcc/avr/4.3.3/../../../../avr/lib/avr5\libc.a(memset.o)
                              c:/winavr-20100110/bin/../lib/gcc/avr/4.3.3/../../../../avr/lib/avr5\libc.a(calloc.o) (memset)

Allocating common symbols
Common symbol       size              file

__brkval            0x2               c:/winavr-20100110/bin/../lib/gcc/avr/4.3.3/../../../../avr/lib/avr5\libc.a(malloc.o)
__flp               0x2               c:/winavr-20100110/bin/../lib/gcc/avr/4.3.3/../../../../avr/lib/avr5\libc.a(malloc.o)
__iob               0x6               c:/winavr-20100110/bin/../lib/gcc/avr/4.3.3/../../../../avr/lib/avr5\libc.a(iob.o)

Memory Configuration

Name             Origin             Length             Attributes
text             0x00000000         0x00020000         xr
data             0x00800060         0x0000ffa0         rw !x
eeprom           0x00810000         0x00010000         rw !x
fuse             0x00820000         0x00000400         rw !x
lock             0x00830000         0x00000400         rw !x
signature        0x00840000         0x00000400         rw !x
*default*        0x00000000         0xffffffff

Linker script and memory map

Address of section .data set to 0x800100
LOAD c:/winavr-20100110/bin/../lib/gcc/avr/4.3.3/../../../../avr/lib/avr5/crtm328p.o
LOAD Calibrate_Speed.o
LOAD c:/winavr-20100110/bin/../lib/gcc/avr/4.3.3/../../../../avr/lib\libpololu_atmega328p.a
LOAD c:/winavr-20100110/bin/../lib/gcc/avr/4.3.3/avr5\libgcc.a
LOAD c:/winavr-20100110/bin/../lib/gcc/avr/4.3.3/../../../../avr/lib/avr5\libc.a
LOAD c:/winavr-20100110/bin/../lib/gcc/avr/4.3.3/avr5\libgcc.a

.hash
 *(.hash)

.dynsym
 *(.dynsym)

.dynstr
 *(.dynstr)

.gnu.version
 *(.gnu.version)

.gnu.version_d
 *(.gnu.version_d)

.gnu.version_r
 *(.gnu.version_r)

.rel.init
 *(.rel.init)

.rela.init
 *(.rela.init)

.rel.text
 *(.rel.text)
 *(.rel.text.*)
 *(.rel.gnu.linkonce.t*)

.rela.text
 *(.rela.text)
 *(.rela.text.*)
 *(.rela.gnu.linkonce.t*)

.rel.fini
 *(.rel.fini)

.rela.fini
 *(.rela.fini)

.rel.rodata
 *(.rel.rodata)
 *(.rel.rodata.*)
 *(.rel.gnu.linkonce.r*)

.rela.rodata
 *(.rela.rodata)
 *(.rela.rodata.*)
 *(.rela.gnu.linkonce.r*)

.rel.data
 *(.rel.data)
 *(.rel.data.*)
 *(.rel.gnu.linkonce.d*)

.rela.data
 *(.rela.data)
 *(.rela.data.*)
 *(.rela.gnu.linkonce.d*)

.rel.ctors
 *(.rel.ctors)

.rela.ctors
 *(.rela.ctors)

.rel.dtors
 *(.rel.dtors)

.rela.dtors
 *(.rela.dtors)

.rel.got
 *(.rel.got)

.rela.got
 *(.rela.got)

.rel.bss
 *(.rel.bss)

.rela.bss
 *(.rela.bss)

.rel.plt
 *(.rel.plt)

.rela.plt
 *(.rela.plt)

.text           0x00000000     0x381a
 *(.vectors)
 .vectors       0x00000000       0x68 c:/winavr-20100110/bin/../lib/gcc/avr/4.3.3/../../../../avr/lib/avr5/crtm328p.o
                0x00000000                __vectors
                0x00000000                __vector_default
 *(.vectors)
 *(.progmem.gcc*)
 .progmem.gcc_sw_table
                0x00000068       0x18 c:/winavr-20100110/bin/../lib/gcc/avr/4.3.3/../../../../avr/lib\libpololu_atmega328p.a(OrangutanBuzzer.o)
 *(.progmem*)
 .progmem.data  0x00000080       0x42 Calibrate_Speed.o
                0x0000009d                levels
                0x00000080                welcome_line1
                0x000000b5                go
                0x00000088                welcome_line2
                0x00000091                demo_name_line1
                0x00000096                demo_name_line2
                0x000000ab                welcome
                0x000000c2                . = ALIGN (0x2)
                0x000000c2                __trampolines_start = .
 *(.trampolines)
 .trampolines   0x000000c2        0x0 linker stubs
 *(.trampolines*)
                0x000000c2                __trampolines_end = .
 *(.jumptables)
 *(.jumptables*)
 *(.lowtext)
 *(.lowtext*)
                0x000000c2                __ctors_start = .
 *(.ctors)
 .ctors         0x000000c2        0x2 c:/winavr-20100110/bin/../lib/gcc/avr/4.3.3/../../../../avr/lib\libpololu_atmega328p.a(Pololu3pi.o)
                0x000000c4                __ctors_end = .
                0x000000c4                __dtors_start = .
 *(.dtors)
 .dtors         0x000000c4        0x2 c:/winavr-20100110/bin/../lib/gcc/avr/4.3.3/../../../../avr/lib\libpololu_atmega328p.a(Pololu3pi.o)
                0x000000c6                __dtors_end = .
 SORT(*)(.ctors)
 SORT(*)(.dtors)
 *(.init0)
 .init0         0x000000c6        0x0 c:/winavr-20100110/bin/../lib/gcc/avr/4.3.3/../../../../avr/lib/avr5/crtm328p.o
                0x000000c6                __init
 *(.init0)
 *(.init1)
 *(.init1)
 *(.init2)
 .init2         0x000000c6        0xc c:/winavr-20100110/bin/../lib/gcc/avr/4.3.3/../../../../avr/lib/avr5/crtm328p.o
 *(.init2)
 *(.init3)
 *(.init3)
 *(.init4)
 .init4         0x000000d2       0x16 c:/winavr-20100110/bin/../lib/gcc/avr/4.3.3/avr5\libgcc.a(_copy_data.o)
                0x000000d2                __do_copy_data
 .init4         0x000000e8       0x10 c:/winavr-20100110/bin/../lib/gcc/avr/4.3.3/avr5\libgcc.a(_clear_bss.o)
                0x000000e8                __do_clear_bss
 *(.init4)
 *(.init5)
 *(.init5)
 *(.init6)
 .init6         0x000000f8       0x16 c:/winavr-20100110/bin/../lib/gcc/avr/4.3.3/avr5\libgcc.a(_ctors.o)
                0x000000f8                __do_global_ctors
 *(.init6)
 *(.init7)
 *(.init7)
 *(.init8)
 *(.init8)
 *(.init9)
 .init9         0x0000010e        0x8 c:/winavr-20100110/bin/../lib/gcc/avr/4.3.3/../../../../avr/lib/avr5/crtm328p.o
 *(.init9)
 *(.text)
 .text          0x00000116        0x4 c:/winavr-20100110/bin/../lib/gcc/avr/4.3.3/../../../../avr/lib/avr5/crtm328p.o
                0x00000116                __vector_22
                0x00000116                __vector_1
                0x00000116                __vector_24
                0x00000116                __vector_12
                0x00000116                __bad_interrupt
                0x00000116                __vector_6
                0x00000116                __vector_3
                0x00000116                __vector_23
                0x00000116                __vector_25
                0x00000116                __vector_11
                0x00000116                __vector_17
                0x00000116                __vector_19
                0x00000116                __vector_7
                0x00000116                __vector_5
                0x00000116                __vector_4
                0x00000116                __vector_2
                0x00000116                __vector_21
                0x00000116                __vector_15
                0x00000116                __vector_8
                0x00000116                __vector_14
                0x00000116                __vector_10
                0x00000116                __vector_16
                0x00000116                __vector_18
                0x00000116                __vector_20
 .text          0x0000011a      0x47e Calibrate_Speed.o
                0x00000188                calibrate_speed
                0x00000144                turn
                0x0000033e                maze_solve
                0x0000011a                select_turn
                0x0000058e                main
                0x00000438                initialize
                0x00000136                on_white
 .text          0x00000598        0x0 c:/winavr-20100110/bin/../lib/gcc/avr/4.3.3/../../../../avr/lib\libpololu_atmega328p.a(OrangutanAnalog.o)
 .text          0x00000598        0x0 c:/winavr-20100110/bin/../lib/gcc/avr/4.3.3/../../../../avr/lib\libpololu_atmega328p.a(OrangutanBuzzer.o)
 .text          0x00000598        0x0 c:/winavr-20100110/bin/../lib/gcc/avr/4.3.3/../../../../avr/lib\libpololu_atmega328p.a(OrangutanLCD.o)
 .text          0x00000598        0x0 c:/winavr-20100110/bin/../lib/gcc/avr/4.3.3/../../../../avr/lib\libpololu_atmega328p.a(OrangutanMotors.o)
 .text          0x00000598        0x0 c:/winavr-20100110/bin/../lib/gcc/avr/4.3.3/../../../../avr/lib\libpololu_atmega328p.a(OrangutanPushbuttons.o)
 .text          0x00000598        0x0 c:/winavr-20100110/bin/../lib/gcc/avr/4.3.3/../../../../avr/lib\libpololu_atmega328p.a(OrangutanResources.o)
 .text          0x00000598        0x0 c:/winavr-20100110/bin/../lib/gcc/avr/4.3.3/../../../../avr/lib\libpololu_atmega328p.a(OrangutanTime.o)
 .text          0x00000598        0x0 c:/winavr-20100110/bin/../lib/gcc/avr/4.3.3/../../../../avr/lib\libpololu_atmega328p.a(Pololu3pi.o)
 .text          0x00000598        0x0 c:/winavr-20100110/bin/../lib/gcc/avr/4.3.3/../../../../avr/lib\libpololu_atmega328p.a(PololuQTRSensors.o)
 .text          0x00000598        0x0 c:/winavr-20100110/bin/../lib/gcc/avr/4.3.3/avr5\libgcc.a(_mulsi3.o)
 .text          0x00000598        0x0 c:/winavr-20100110/bin/../lib/gcc/avr/4.3.3/avr5\libgcc.a(_udivmodqi4.o)
 .text          0x00000598        0x0 c:/winavr-20100110/bin/../lib/gcc/avr/4.3.3/avr5\libgcc.a(_udivmodhi4.o)
 .text          0x00000598        0x0 c:/winavr-20100110/bin/../lib/gcc/avr/4.3.3/avr5\libgcc.a(_divmodhi4.o)
 .text          0x00000598        0x0 c:/winavr-20100110/bin/../lib/gcc/avr/4.3.3/avr5\libgcc.a(_udivmodsi4.o)
 .text          0x00000598        0x0 c:/winavr-20100110/bin/../lib/gcc/avr/4.3.3/avr5\libgcc.a(_divmodsi4.o)
 .text          0x00000598        0x0 c:/winavr-20100110/bin/../lib/gcc/avr/4.3.3/avr5\libgcc.a(_prologue.o)
 .text          0x00000598        0x0 c:/winavr-20100110/bin/../lib/gcc/avr/4.3.3/avr5\libgcc.a(_epilogue.o)
 .text          0x00000598        0x0 c:/winavr-20100110/bin/../lib/gcc/avr/4.3.3/avr5\libgcc.a(_exit.o)
 .text          0x00000598        0x0 c:/winavr-20100110/bin/../lib/gcc/avr/4.3.3/avr5\libgcc.a(_tablejump.o)
 .text          0x00000598        0x0 c:/winavr-20100110/bin/../lib/gcc/avr/4.3.3/avr5\libgcc.a(_copy_data.o)
 .text          0x00000598        0x0 c:/winavr-20100110/bin/../lib/gcc/avr/4.3.3/avr5\libgcc.a(_clear_bss.o)
 .text          0x00000598        0x0 c:/winavr-20100110/bin/../lib/gcc/avr/4.3.3/avr5\libgcc.a(_ctors.o)
 .text          0x00000598        0x0 c:/winavr-20100110/bin/../lib/gcc/avr/4.3.3/avr5\libgcc.a(_dtors.o)
 .text          0x00000598        0x0 c:/winavr-20100110/bin/../lib/gcc/avr/4.3.3/../../../../avr/lib/avr5\libc.a(malloc.o)
 .text          0x00000598        0x0 c:/winavr-20100110/bin/../lib/gcc/avr/4.3.3/../../../../avr/lib/avr5\libc.a(fdevopen.o)
 .text          0x00000598        0x0 c:/winavr-20100110/bin/../lib/gcc/avr/4.3.3/../../../../avr/lib/avr5\libc.a(iob.o)
 .text          0x00000598        0x0 c:/winavr-20100110/bin/../lib/gcc/avr/4.3.3/../../../../avr/lib/avr5\libc.a(calloc.o)
 .text          0x00000598        0x0 c:/winavr-20100110/bin/../lib/gcc/avr/4.3.3/../../../../avr/lib/avr5\libc.a(memset.o)
                0x00000598                . = ALIGN (0x2)
 *(.text.*)
 .text.start_analog_conversion
                0x00000598       0x26 c:/winavr-20100110/bin/../lib/gcc/avr/4.3.3/../../../../avr/lib\libpololu_atmega328p.a(OrangutanAnalog.o)
                0x00000598                start_analog_conversion
 .text.analog_conversion_result
                0x000005be       0x1e c:/winavr-20100110/bin/../lib/gcc/avr/4.3.3/../../../../avr/lib\libpololu_atmega328p.a(OrangutanAnalog.o)
                0x000005be                analog_conversion_result
 .text.set_millivolt_calibration
                0x000005dc        0xa c:/winavr-20100110/bin/../lib/gcc/avr/4.3.3/../../../../avr/lib\libpololu_atmega328p.a(OrangutanAnalog.o)
                0x000005dc                set_millivolt_calibration
 .text._ZN15OrangutanAnalogC2Ev
                0x000005e6        0x2 c:/winavr-20100110/bin/../lib/gcc/avr/4.3.3/../../../../avr/lib\libpololu_atmega328p.a(OrangutanAnalog.o)
                0x000005e6                OrangutanAnalog::OrangutanAnalog()
 .text._ZN15OrangutanAnalogC1Ev
                0x000005e8        0x2 c:/winavr-20100110/bin/../lib/gcc/avr/4.3.3/../../../../avr/lib\libpololu_atmega328p.a(OrangutanAnalog.o)
                0x000005e8                OrangutanAnalog::OrangutanAnalog()
 .text._ZN15OrangutanAnalog16conversionResultEv
                0x000005ea       0x1e c:/winavr-20100110/bin/../lib/gcc/avr/4.3.3/../../../../avr/lib\libpololu_atmega328p.a(OrangutanAnalog.o)
                0x000005ea                OrangutanAnalog::conversionResult()
 .text._ZN15OrangutanAnalog15startConversionEhh
                0x00000608       0x34 c:/winavr-20100110/bin/../lib/gcc/avr/4.3.3/../../../../avr/lib\libpololu_atmega328p.a(OrangutanAnalog.o)
                0x00000608                OrangutanAnalog::startConversion(unsigned char, unsigned char)
 .text._ZN15OrangutanAnalog4readEh
                0x0000063c       0x4a c:/winavr-20100110/bin/../lib/gcc/avr/4.3.3/../../../../avr/lib\libpololu_atmega328p.a(OrangutanAnalog.o)
                0x0000063c                OrangutanAnalog::read(unsigned char)
 .text.analog_read
                0x00000686        0x6 c:/winavr-20100110/bin/../lib/gcc/avr/4.3.3/../../../../avr/lib\libpololu_atmega328p.a(OrangutanAnalog.o)
                0x00000686                analog_read
 .text._ZN15OrangutanAnalog11readAverageEhj
                0x0000068c       0xb6 c:/winavr-20100110/bin/../lib/gcc/avr/4.3.3/../../../../avr/lib\libpololu_atmega328p.a(OrangutanAnalog.o)
                0x0000068c                OrangutanAnalog::readAverage(unsigned char, unsigned int)
 .text.read_trimpot
                0x00000742        0xc c:/winavr-20100110/bin/../lib/gcc/avr/4.3.3/../../../../avr/lib\libpololu_atmega328p.a(OrangutanAnalog.o)
                0x00000742                read_trimpot
 .text.analog_read_average
                0x0000074e        0x6 c:/winavr-20100110/bin/../lib/gcc/avr/4.3.3/../../../../avr/lib\libpololu_atmega328p.a(OrangutanAnalog.o)
                0x0000074e                analog_read_average
 .text._ZN15OrangutanAnalog23setMillivoltCalibrationEj
                0x00000754        0xa c:/winavr-20100110/bin/../lib/gcc/avr/4.3.3/../../../../avr/lib\libpololu_atmega328p.a(OrangutanAnalog.o)
                0x00000754                OrangutanAnalog::setMillivoltCalibration(unsigned int)
 .text._ZN15OrangutanAnalog17readVCCMillivoltsEv
                0x0000075e       0x5c c:/winavr-20100110/bin/../lib/gcc/avr/4.3.3/../../../../avr/lib\libpololu_atmega328p.a(OrangutanAnalog.o)
                0x0000075e                OrangutanAnalog::readVCCMillivolts()
 .text.read_vcc_millivolts
                0x000007ba        0x6 c:/winavr-20100110/bin/../lib/gcc/avr/4.3.3/../../../../avr/lib\libpololu_atmega328p.a(OrangutanAnalog.o)
                0x000007ba                read_vcc_millivolts
 .text._ZN15OrangutanAnalog12toMillivoltsEj
                0x000007c0       0x56 c:/winavr-20100110/bin/../lib/gcc/avr/4.3.3/../../../../avr/lib\libpololu_atmega328p.a(OrangutanAnalog.o)
                0x000007c0                OrangutanAnalog::toMillivolts(unsigned int)
 .text._ZN15OrangutanAnalog21readAverageMillivoltsEhj
                0x00000816        0xa c:/winavr-20100110/bin/../lib/gcc/avr/4.3.3/../../../../avr/lib\libpololu_atmega328p.a(OrangutanAnalog.o)
                0x00000816                OrangutanAnalog::readAverageMillivolts(unsigned char, unsigned int)
 .text.analog_read_average_millivolts
                0x00000820        0x6 c:/winavr-20100110/bin/../lib/gcc/avr/4.3.3/../../../../avr/lib\libpololu_atmega328p.a(OrangutanAnalog.o)
                0x00000820                analog_read_average_millivolts
 .text._ZN15OrangutanAnalog26conversionResultMillivoltsEv
                0x00000826       0x22 c:/winavr-20100110/bin/../lib/gcc/avr/4.3.3/../../../../avr/lib\libpololu_atmega328p.a(OrangutanAnalog.o)
                0x00000826                OrangutanAnalog::conversionResultMillivolts()
 .text._ZN15OrangutanAnalog14readMillivoltsEh
                0x00000848       0x32 c:/winavr-20100110/bin/../lib/gcc/avr/4.3.3/../../../../avr/lib\libpololu_atmega328p.a(OrangutanAnalog.o)
                0x00000848                OrangutanAnalog::readMillivolts(unsigned char)
 .text.analog_read_millivolts
                0x0000087a        0x6 c:/winavr-20100110/bin/../lib/gcc/avr/4.3.3/../../../../avr/lib\libpololu_atmega328p.a(OrangutanAnalog.o)
                0x0000087a                analog_read_millivolts
 .text.analog_conversion_result_millivolts
                0x00000880        0x6 c:/winavr-20100110/bin/../lib/gcc/avr/4.3.3/../../../../avr/lib\libpololu_atmega328p.a(OrangutanAnalog.o)
                0x00000880                analog_conversion_result_millivolts
 .text.read_trimpot_millivolts
                0x00000886       0x10 c:/winavr-20100110/bin/../lib/gcc/avr/4.3.3/../../../../avr/lib\libpololu_atmega328p.a(OrangutanAnalog.o)
                0x00000886                read_trimpot_millivolts
 .text.to_millivolts
                0x00000896        0x6 c:/winavr-20100110/bin/../lib/gcc/avr/4.3.3/../../../../avr/lib\libpololu_atmega328p.a(OrangutanAnalog.o)
                0x00000896                to_millivolts
 .text._ZN15OrangutanAnalog16readTemperatureFEv
                0x0000089c       0x56 c:/winavr-20100110/bin/../lib/gcc/avr/4.3.3/../../../../avr/lib\libpololu_atmega328p.a(OrangutanAnalog.o)
                0x0000089c                OrangutanAnalog::readTemperatureF()
 .text.read_temperature_f
                0x000008f2        0x6 c:/winavr-20100110/bin/../lib/gcc/avr/4.3.3/../../../../avr/lib\libpololu_atmega328p.a(OrangutanAnalog.o)
                0x000008f2                read_temperature_f
 .text._ZN15OrangutanAnalog16readTemperatureCEv
                0x000008f8       0x58 c:/winavr-20100110/bin/../lib/gcc/avr/4.3.3/../../../../avr/lib\libpololu_atmega328p.a(OrangutanAnalog.o)
                0x000008f8                OrangutanAnalog::readTemperatureC()
 .text.read_temperature_c
                0x00000950        0x6 c:/winavr-20100110/bin/../lib/gcc/avr/4.3.3/../../../../avr/lib\libpololu_atmega328p.a(OrangutanAnalog.o)
                0x00000950                read_temperature_c
 .text._ZN15OrangutanAnalog25readBatteryMillivolts_3piEv
                0x00000956       0x4a c:/winavr-20100110/bin/../lib/gcc/avr/4.3.3/../../../../avr/lib\libpololu_atmega328p.a(OrangutanAnalog.o)
                0x00000956                OrangutanAnalog::readBatteryMillivolts_3pi()
 .text.read_battery_millivolts_3pi
                0x000009a0        0x6 c:/winavr-20100110/bin/../lib/gcc/avr/4.3.3/../../../../avr/lib\libpololu_atmega328p.a(OrangutanAnalog.o)
                0x000009a0                read_battery_millivolts_3pi
 .text._ZN15OrangutanAnalog24readBatteryMillivolts_SVEv
                0x000009a6       0x42 c:/winavr-20100110/bin/../lib/gcc/avr/4.3.3/../../../../avr/lib\libpololu_atmega328p.a(OrangutanAnalog.o)
                0x000009a6                OrangutanAnalog::readBatteryMillivolts_SV()
 .text.read_battery_millivolts_sv168
                0x000009e8        0x6 c:/winavr-20100110/bin/../lib/gcc/avr/4.3.3/../../../../avr/lib\libpololu_atmega328p.a(OrangutanAnalog.o)
                0x000009e8                read_battery_millivolts_sv168
 .text.read_battery_millivolts_sv
                0x000009ee        0x6 c:/winavr-20100110/bin/../lib/gcc/avr/4.3.3/../../../../avr/lib\libpololu_atmega328p.a(OrangutanAnalog.o)
                0x000009ee                read_battery_millivolts_sv
 .text._ZN15OrangutanBuzzerC2Ev
                0x000009f4        0x2 c:/winavr-20100110/bin/../lib/gcc/avr/4.3.3/../../../../avr/lib\libpololu_atmega328p.a(OrangutanBuzzer.o)
                0x000009f4                OrangutanBuzzer::OrangutanBuzzer()
 .text._ZN15OrangutanBuzzerC1Ev
                0x000009f6        0x2 c:/winavr-20100110/bin/../lib/gcc/avr/4.3.3/../../../../avr/lib\libpololu_atmega328p.a(OrangutanBuzzer.o)
                0x000009f6                OrangutanBuzzer::OrangutanBuzzer()
 .text.is_playing
                0x000009f8       0x1c c:/winavr-20100110/bin/../lib/gcc/avr/4.3.3/../../../../avr/lib\libpololu_atmega328p.a(OrangutanBuzzer.o)
                0x000009f8                is_playing
 .text.stop_playing
                0x00000a14       0x34 c:/winavr-20100110/bin/../lib/gcc/avr/4.3.3/../../../../avr/lib\libpololu_atmega328p.a(OrangutanBuzzer.o)
                0x00000a14                stop_playing
 .text._ZN15OrangutanBuzzer5init2Ev
                0x00000a48       0x2e c:/winavr-20100110/bin/../lib/gcc/avr/4.3.3/../../../../avr/lib\libpololu_atmega328p.a(OrangutanBuzzer.o)
                0x00000a48                OrangutanBuzzer::init2()
 .text._ZN15OrangutanBuzzer13playFrequencyEjjh
                0x00000a76      0x188 c:/winavr-20100110/bin/../lib/gcc/avr/4.3.3/../../../../avr/lib\libpololu_atmega328p.a(OrangutanBuzzer.o)
                0x00000a76                OrangutanBuzzer::playFrequency(unsigned int, unsigned int, unsigned char)
 .text.play_frequency
                0x00000bfe        0x6 c:/winavr-20100110/bin/../lib/gcc/avr/4.3.3/../../../../avr/lib\libpololu_atmega328p.a(OrangutanBuzzer.o)
                0x00000bfe                play_frequency
 .text._ZN15OrangutanBuzzer8playNoteEhjh
                0x00000c04       0xf0 c:/winavr-20100110/bin/../lib/gcc/avr/4.3.3/../../../../avr/lib\libpololu_atmega328p.a(OrangutanBuzzer.o)
                0x00000c04                OrangutanBuzzer::playNote(unsigned char, unsigned int, unsigned char)
 .text.play_note
                0x00000cf4        0x6 c:/winavr-20100110/bin/../lib/gcc/avr/4.3.3/../../../../avr/lib\libpololu_atmega328p.a(OrangutanBuzzer.o)
                0x00000cf4                play_note
 .text._ZN15OrangutanBuzzer9isPlayingEv
                0x00000cfa       0x1c c:/winavr-20100110/bin/../lib/gcc/avr/4.3.3/../../../../avr/lib\libpololu_atmega328p.a(OrangutanBuzzer.o)
                0x00000cfa                OrangutanBuzzer::isPlaying()
 .text._ZN15OrangutanBuzzer11stopPlayingEv
                0x00000d16       0x34 c:/winavr-20100110/bin/../lib/gcc/avr/4.3.3/../../../../avr/lib\libpololu_atmega328p.a(OrangutanBuzzer.o)
                0x00000d16                OrangutanBuzzer::stopPlaying()
 .text._ZL16currentCharacterv
                0x00000d4a       0x3e c:/winavr-20100110/bin/../lib/gcc/avr/4.3.3/../../../../avr/lib\libpololu_atmega328p.a(OrangutanBuzzer.o)
 .text._ZL9getNumberv
                0x00000d88       0x5a c:/winavr-20100110/bin/../lib/gcc/avr/4.3.3/../../../../avr/lib\libpololu_atmega328p.a(OrangutanBuzzer.o)
 .text._ZL8nextNotev
                0x00000de2      0x3f6 c:/winavr-20100110/bin/../lib/gcc/avr/4.3.3/../../../../avr/lib\libpololu_atmega328p.a(OrangutanBuzzer.o)
 .text._ZN15OrangutanBuzzer20playFromProgramSpaceEPKc
                0x000011d8       0x1c c:/winavr-20100110/bin/../lib/gcc/avr/4.3.3/../../../../avr/lib\libpololu_atmega328p.a(OrangutanBuzzer.o)
                0x000011d8                OrangutanBuzzer::playFromProgramSpace(char const*)
 .text.play_from_program_space
                0x000011f4        0x6 c:/winavr-20100110/bin/../lib/gcc/avr/4.3.3/../../../../avr/lib\libpololu_atmega328p.a(OrangutanBuzzer.o)
                0x000011f4                play_from_program_space
 .text._ZN15OrangutanBuzzer4playEPKc
                0x000011fa       0x1a c:/winavr-20100110/bin/../lib/gcc/avr/4.3.3/../../../../avr/lib\libpololu_atmega328p.a(OrangutanBuzzer.o)
                0x000011fa                OrangutanBuzzer::play(char const*)
 .text.play     0x00001214        0x6 c:/winavr-20100110/bin/../lib/gcc/avr/4.3.3/../../../../avr/lib\libpololu_atmega328p.a(OrangutanBuzzer.o)
                0x00001214                play
 .text.__vector_13
                0x0000121a       0x9e c:/winavr-20100110/bin/../lib/gcc/avr/4.3.3/../../../../avr/lib\libpololu_atmega328p.a(OrangutanBuzzer.o)
                0x0000121a                __vector_13
 .text._ZN15OrangutanBuzzer9playCheckEv
                0x000012b8       0x36 c:/winavr-20100110/bin/../lib/gcc/avr/4.3.3/../../../../avr/lib\libpololu_atmega328p.a(OrangutanBuzzer.o)
                0x000012b8                OrangutanBuzzer::playCheck()
 .text._ZN15OrangutanBuzzer8playModeEh
                0x000012ee        0xe c:/winavr-20100110/bin/../lib/gcc/avr/4.3.3/../../../../avr/lib\libpololu_atmega328p.a(OrangutanBuzzer.o)
                0x000012ee                OrangutanBuzzer::playMode(unsigned char)
 .text.play_mode
                0x000012fc        0x6 c:/winavr-20100110/bin/../lib/gcc/avr/4.3.3/../../../../avr/lib\libpololu_atmega328p.a(OrangutanBuzzer.o)
                0x000012fc                play_mode
 .text.play_check
                0x00001302        0x6 c:/winavr-20100110/bin/../lib/gcc/avr/4.3.3/../../../../avr/lib\libpololu_atmega328p.a(OrangutanBuzzer.o)
                0x00001302                play_check
 .text._ZN12OrangutanLCDC2Ev
                0x00001308        0x2 c:/winavr-20100110/bin/../lib/gcc/avr/4.3.3/../../../../avr/lib\libpololu_atmega328p.a(OrangutanLCD.o)
                0x00001308                OrangutanLCD::OrangutanLCD()
 .text._ZN12OrangutanLCDC1Ev
                0x0000130a        0x2 c:/winavr-20100110/bin/../lib/gcc/avr/4.3.3/../../../../avr/lib\libpololu_atmega328p.a(OrangutanLCD.o)
                0x0000130a                OrangutanLCD::OrangutanLCD()
 .text.void_getchar
                0x0000130c        0x6 c:/winavr-20100110/bin/../lib/gcc/avr/4.3.3/../../../../avr/lib\libpololu_atmega328p.a(OrangutanLCD.o)
                0x0000130c                void_getchar
 .text._ZN12OrangutanLCD8busyWaitEv
                0x00001312       0x98 c:/winavr-20100110/bin/../lib/gcc/avr/4.3.3/../../../../avr/lib\libpololu_atmega328p.a(OrangutanLCD.o)
                0x00001312                OrangutanLCD::busyWait()
 .text._ZN12OrangutanLCD8sendDataEh
                0x000013aa       0x64 c:/winavr-20100110/bin/../lib/gcc/avr/4.3.3/../../../../avr/lib\libpololu_atmega328p.a(OrangutanLCD.o)
                0x000013aa                OrangutanLCD::sendData(unsigned char)
 .text._ZN12OrangutanLCD10initPrintfEv
                0x0000140e       0x8a c:/winavr-20100110/bin/../lib/gcc/avr/4.3.3/../../../../avr/lib\libpololu_atmega328p.a(OrangutanLCD.o)
                0x0000140e                OrangutanLCD::initPrintf()
 .text._ZN12OrangutanLCD10initPrintfEhh
                0x00001498        0xe c:/winavr-20100110/bin/../lib/gcc/avr/4.3.3/../../../../avr/lib\libpololu_atmega328p.a(OrangutanLCD.o)
                0x00001498                OrangutanLCD::initPrintf(unsigned char, unsigned char)
 .text.lcd_init_printf_with_dimensions
                0x000014a6        0xe c:/winavr-20100110/bin/../lib/gcc/avr/4.3.3/../../../../avr/lib\libpololu_atmega328p.a(OrangutanLCD.o)
                0x000014a6                lcd_init_printf_with_dimensions
 .text.lcd_init_printf
                0x000014b4        0x6 c:/winavr-20100110/bin/../lib/gcc/avr/4.3.3/../../../../avr/lib\libpololu_atmega328p.a(OrangutanLCD.o)
                0x000014b4                lcd_init_printf
 .text._ZN12OrangutanLCD5init2Ev
                0x000014ba       0x7e c:/winavr-20100110/bin/../lib/gcc/avr/4.3.3/../../../../avr/lib\libpololu_atmega328p.a(OrangutanLCD.o)
                0x000014ba                OrangutanLCD::init2()
 .text._ZN12OrangutanLCD4initEv
                0x00001538       0x14 c:/winavr-20100110/bin/../lib/gcc/avr/4.3.3/../../../../avr/lib\libpololu_atmega328p.a(OrangutanLCD.o)
                0x00001538                OrangutanLCD::init()
 .text._ZN12OrangutanLCD4sendEhhh
                0x0000154c       0x68 c:/winavr-20100110/bin/../lib/gcc/avr/4.3.3/../../../../avr/lib\libpololu_atmega328p.a(OrangutanLCD.o)
                0x0000154c                OrangutanLCD::send(unsigned char, unsigned char, unsigned char)
 .text._ZN12OrangutanLCD8send_cmdEh
                0x000015b4        0xa c:/winavr-20100110/bin/../lib/gcc/avr/4.3.3/../../../../avr/lib\libpololu_atmega328p.a(OrangutanLCD.o)
                0x000015b4                OrangutanLCD::send_cmd(unsigned char)
 .text._ZN12OrangutanLCD10moveCursorEhh
                0x000015be       0x24 c:/winavr-20100110/bin/../lib/gcc/avr/4.3.3/../../../../avr/lib\libpololu_atmega328p.a(OrangutanLCD.o)
                0x000015be                OrangutanLCD::moveCursor(unsigned char, unsigned char)
 .text.lcd_move_cursor
                0x000015e2        0x6 c:/winavr-20100110/bin/../lib/gcc/avr/4.3.3/../../../../avr/lib\libpololu_atmega328p.a(OrangutanLCD.o)
                0x000015e2                lcd_move_cursor
 .text._ZN12OrangutanLCD10hideCursorEv
                0x000015e8        0x8 c:/winavr-20100110/bin/../lib/gcc/avr/4.3.3/../../../../avr/lib\libpololu_atmega328p.a(OrangutanLCD.o)
                0x000015e8                OrangutanLCD::hideCursor()
 .text.lcd_hide_cursor
                0x000015f0        0x6 c:/winavr-20100110/bin/../lib/gcc/avr/4.3.3/../../../../avr/lib\libpololu_atmega328p.a(OrangutanLCD.o)
                0x000015f0                lcd_hide_cursor
 .text._ZN12OrangutanLCD10showCursorEh
                0x000015f6       0x10 c:/winavr-20100110/bin/../lib/gcc/avr/4.3.3/../../../../avr/lib\libpololu_atmega328p.a(OrangutanLCD.o)
                0x000015f6                OrangutanLCD::showCursor(unsigned char)
 .text.lcd_show_cursor
                0x00001606        0x6 c:/winavr-20100110/bin/../lib/gcc/avr/4.3.3/../../../../avr/lib\libpololu_atmega328p.a(OrangutanLCD.o)
                0x00001606                lcd_show_cursor
 .text._ZN12OrangutanLCD6gotoXYEhh
                0x0000160c       0x3e c:/winavr-20100110/bin/../lib/gcc/avr/4.3.3/../../../../avr/lib\libpololu_atmega328p.a(OrangutanLCD.o)
                0x0000160c                OrangutanLCD::gotoXY(unsigned char, unsigned char)
 .text.lcd_goto_xy
                0x0000164a        0x6 c:/winavr-20100110/bin/../lib/gcc/avr/4.3.3/../../../../avr/lib\libpololu_atmega328p.a(OrangutanLCD.o)
                0x0000164a                lcd_goto_xy
 .text._ZN12OrangutanLCD5clearEv
                0x00001650       0x5a c:/winavr-20100110/bin/../lib/gcc/avr/4.3.3/../../../../avr/lib\libpololu_atmega328p.a(OrangutanLCD.o)
                0x00001650                OrangutanLCD::clear()
 .text.clear    0x000016aa        0x6 c:/winavr-20100110/bin/../lib/gcc/avr/4.3.3/../../../../avr/lib\libpololu_atmega328p.a(OrangutanLCD.o)
                0x000016aa                clear
 .text._ZN12OrangutanLCD9send_dataEh
                0x000016b0        0xa c:/winavr-20100110/bin/../lib/gcc/avr/4.3.3/../../../../avr/lib\libpololu_atmega328p.a(OrangutanLCD.o)
                0x000016b0                OrangutanLCD::send_data(unsigned char)
 .text._ZN12OrangutanLCD11printBinaryEh
                0x000016ba       0x3a c:/winavr-20100110/bin/../lib/gcc/avr/4.3.3/../../../../avr/lib\libpololu_atmega328p.a(OrangutanLCD.o)
                0x000016ba                OrangutanLCD::printBinary(unsigned char)
 .text.print_binary
                0x000016f4        0x6 c:/winavr-20100110/bin/../lib/gcc/avr/4.3.3/../../../../avr/lib\libpololu_atmega328p.a(OrangutanLCD.o)
                0x000016f4                print_binary
 .text._ZN12OrangutanLCD14printHexNibbleEh
                0x000016fa       0x10 c:/winavr-20100110/bin/../lib/gcc/avr/4.3.3/../../../../avr/lib\libpololu_atmega328p.a(OrangutanLCD.o)
                0x000016fa                OrangutanLCD::printHexNibble(unsigned char)
 .text._ZN12OrangutanLCD8printHexEh
                0x0000170a       0x18 c:/winavr-20100110/bin/../lib/gcc/avr/4.3.3/../../../../avr/lib\libpololu_atmega328p.a(OrangutanLCD.o)
                0x0000170a                OrangutanLCD::printHex(unsigned char)
 .text._ZN12OrangutanLCD8printHexEj
                0x00001722       0x14 c:/winavr-20100110/bin/../lib/gcc/avr/4.3.3/../../../../avr/lib\libpololu_atmega328p.a(OrangutanLCD.o)
                0x00001722                OrangutanLCD::printHex(unsigned int)
 .text.print_hex
                0x00001736        0x6 c:/winavr-20100110/bin/../lib/gcc/avr/4.3.3/../../../../avr/lib\libpololu_atmega328p.a(OrangutanLCD.o)
                0x00001736                print_hex
 .text.print_hex_byte
                0x0000173c        0x6 c:/winavr-20100110/bin/../lib/gcc/avr/4.3.3/../../../../avr/lib\libpololu_atmega328p.a(OrangutanLCD.o)
                0x0000173c                print_hex_byte
 .text._ZN12OrangutanLCD5printEm
                0x00001742       0xc0 c:/winavr-20100110/bin/../lib/gcc/avr/4.3.3/../../../../avr/lib\libpololu_atmega328p.a(OrangutanLCD.o)
                0x00001742                OrangutanLCD::print(unsigned long)
 .text.print_unsigned_long
                0x00001802        0x6 c:/winavr-20100110/bin/../lib/gcc/avr/4.3.3/../../../../avr/lib\libpololu_atmega328p.a(OrangutanLCD.o)
                0x00001802                print_unsigned_long
 .text._ZN12OrangutanLCD5printEl
                0x00001808       0x38 c:/winavr-20100110/bin/../lib/gcc/avr/4.3.3/../../../../avr/lib\libpololu_atmega328p.a(OrangutanLCD.o)
                0x00001808                OrangutanLCD::print(long)
 .text.print_long
                0x00001840        0x6 c:/winavr-20100110/bin/../lib/gcc/avr/4.3.3/../../../../avr/lib\libpololu_atmega328p.a(OrangutanLCD.o)
                0x00001840                print_long
 .text._ZN12OrangutanLCD21printFromProgramSpaceEPKc
                0x00001846       0x1c c:/winavr-20100110/bin/../lib/gcc/avr/4.3.3/../../../../avr/lib\libpololu_atmega328p.a(OrangutanLCD.o)
                0x00001846                OrangutanLCD::printFromProgramSpace(char const*)
 .text.print_from_program_space
                0x00001862        0x6 c:/winavr-20100110/bin/../lib/gcc/avr/4.3.3/../../../../avr/lib\libpololu_atmega328p.a(OrangutanLCD.o)
                0x00001862                print_from_program_space
 .text._ZN12OrangutanLCD5printEPKc
                0x00001868       0x1a c:/winavr-20100110/bin/../lib/gcc/avr/4.3.3/../../../../avr/lib\libpololu_atmega328p.a(OrangutanLCD.o)
                0x00001868                OrangutanLCD::print(char const*)
 .text.print    0x00001882        0x6 c:/winavr-20100110/bin/../lib/gcc/avr/4.3.3/../../../../avr/lib\libpololu_atmega328p.a(OrangutanLCD.o)
                0x00001882                print
 .text._ZN12OrangutanLCD5printEc
                0x00001888        0x6 c:/winavr-20100110/bin/../lib/gcc/avr/4.3.3/../../../../avr/lib\libpololu_atmega328p.a(OrangutanLCD.o)
                0x00001888                OrangutanLCD::print(char)
 .text.print_character
                0x0000188e        0x6 c:/winavr-20100110/bin/../lib/gcc/avr/4.3.3/../../../../avr/lib\libpololu_atmega328p.a(OrangutanLCD.o)
                0x0000188e                print_character
 .text.lcd_putchar
                0x00001894      0x23a c:/winavr-20100110/bin/../lib/gcc/avr/4.3.3/../../../../avr/lib\libpololu_atmega328p.a(OrangutanLCD.o)
                0x00001894                lcd_putchar
 .text._ZN12OrangutanLCD19loadCustomCharacterEPKch
                0x00001ace       0x4c c:/winavr-20100110/bin/../lib/gcc/avr/4.3.3/../../../../avr/lib\libpololu_atmega328p.a(OrangutanLCD.o)
                0x00001ace                OrangutanLCD::loadCustomCharacter(char const*, unsigned char)
 .text.lcd_load_custom_character
                0x00001b1a        0x6 c:/winavr-20100110/bin/../lib/gcc/avr/4.3.3/../../../../avr/lib\libpololu_atmega328p.a(OrangutanLCD.o)
                0x00001b1a                lcd_load_custom_character
 .text._ZN12OrangutanLCD13send_4bit_cmdEh
                0x00001b20        0xa c:/winavr-20100110/bin/../lib/gcc/avr/4.3.3/../../../../avr/lib\libpololu_atmega328p.a(OrangutanLCD.o)
                0x00001b20                OrangutanLCD::send_4bit_cmd(unsigned char)
 .text._ZN12OrangutanLCD6scrollEhhj
                0x00001b2a       0x34 c:/winavr-20100110/bin/../lib/gcc/avr/4.3.3/../../../../avr/lib\libpololu_atmega328p.a(OrangutanLCD.o)
                0x00001b2a                OrangutanLCD::scroll(unsigned char, unsigned char, unsigned int)
 .text.lcd_scroll
                0x00001b5e        0x6 c:/winavr-20100110/bin/../lib/gcc/avr/4.3.3/../../../../avr/lib\libpololu_atmega328p.a(OrangutanLCD.o)
                0x00001b5e                lcd_scroll
 .text._ZN16OrangutanDigital9setOutputEhh
                0x00001b64       0x98 c:/winavr-20100110/bin/../lib/gcc/avr/4.3.3/../../../../avr/lib\libpololu_atmega328p.a(OrangutanMotors.o)
                0x00001b64                OrangutanDigital::setOutput(unsigned char, unsigned char)
 .text._ZN15OrangutanMotorsC2Ev
                0x00001bfc        0x2 c:/winavr-20100110/bin/../lib/gcc/avr/4.3.3/../../../../avr/lib\libpololu_atmega328p.a(OrangutanMotors.o)
                0x00001bfc                OrangutanMotors::OrangutanMotors()
 .text._ZN15OrangutanMotorsC1Ev
                0x00001bfe        0x2 c:/winavr-20100110/bin/../lib/gcc/avr/4.3.3/../../../../avr/lib\libpololu_atmega328p.a(OrangutanMotors.o)
                0x00001bfe                OrangutanMotors::OrangutanMotors()
 .text._ZN15OrangutanMotors5init2Ev
                0x00001c00       0x50 c:/winavr-20100110/bin/../lib/gcc/avr/4.3.3/../../../../avr/lib\libpololu_atmega328p.a(OrangutanMotors.o)
                0x00001c00                OrangutanMotors::init2()
 .text._ZN15OrangutanMotors4initEv
                0x00001c50       0x14 c:/winavr-20100110/bin/../lib/gcc/avr/4.3.3/../../../../avr/lib\libpololu_atmega328p.a(OrangutanMotors.o)
                0x00001c50                OrangutanMotors::init()
 .text._ZN15OrangutanMotors10setM1SpeedEi
                0x00001c64       0x3c c:/winavr-20100110/bin/../lib/gcc/avr/4.3.3/../../../../avr/lib\libpololu_atmega328p.a(OrangutanMotors.o)
                0x00001c64                OrangutanMotors::setM1Speed(int)
 .text.set_m1_speed
                0x00001ca0        0x6 c:/winavr-20100110/bin/../lib/gcc/avr/4.3.3/../../../../avr/lib\libpololu_atmega328p.a(OrangutanMotors.o)
                0x00001ca0                set_m1_speed
 .text._ZN15OrangutanMotors10setM2SpeedEi
                0x00001ca6       0x44 c:/winavr-20100110/bin/../lib/gcc/avr/4.3.3/../../../../avr/lib\libpololu_atmega328p.a(OrangutanMotors.o)
                0x00001ca6                OrangutanMotors::setM2Speed(int)
 .text.set_m2_speed
                0x00001cea        0x6 c:/winavr-20100110/bin/../lib/gcc/avr/4.3.3/../../../../avr/lib\libpololu_atmega328p.a(OrangutanMotors.o)
                0x00001cea                set_m2_speed
 .text._ZN15OrangutanMotors9setSpeedsEii
                0x00001cf0       0x16 c:/winavr-20100110/bin/../lib/gcc/avr/4.3.3/../../../../avr/lib\libpololu_atmega328p.a(OrangutanMotors.o)
                0x00001cf0                OrangutanMotors::setSpeeds(int, int)
 .text.set_motors
                0x00001d06        0x6 c:/winavr-20100110/bin/../lib/gcc/avr/4.3.3/../../../../avr/lib\libpololu_atmega328p.a(OrangutanMotors.o)
                0x00001d06                set_motors
 .text._ZN20OrangutanPushbuttonsC2Ev
                0x00001d0c        0x2 c:/winavr-20100110/bin/../lib/gcc/avr/4.3.3/../../../../avr/lib\libpololu_atmega328p.a(OrangutanPushbuttons.o)
                0x00001d0c                OrangutanPushbuttons::OrangutanPushbuttons()
 .text._ZN20OrangutanPushbuttonsC1Ev
                0x00001d0e        0x2 c:/winavr-20100110/bin/../lib/gcc/avr/4.3.3/../../../../avr/lib\libpololu_atmega328p.a(OrangutanPushbuttons.o)
                0x00001d0e                OrangutanPushbuttons::OrangutanPushbuttons()
 .text.button_is_pressed
                0x00001d10       0x36 c:/winavr-20100110/bin/../lib/gcc/avr/4.3.3/../../../../avr/lib\libpololu_atmega328p.a(OrangutanPushbuttons.o)
                0x00001d10                button_is_pressed
 .text._ZN20OrangutanPushbuttons4initEv
                0x00001d46       0x2e c:/winavr-20100110/bin/../lib/gcc/avr/4.3.3/../../../../avr/lib\libpololu_atmega328p.a(OrangutanPushbuttons.o)
                0x00001d46                OrangutanPushbuttons::init()
 .text._ZN20OrangutanPushbuttons5init2Ev
                0x00001d74       0x20 c:/winavr-20100110/bin/../lib/gcc/avr/4.3.3/../../../../avr/lib\libpololu_atmega328p.a(OrangutanPushbuttons.o)
                0x00001d74                OrangutanPushbuttons::init2()
 .text._ZN20OrangutanPushbuttons9isPressedEh
                0x00001d94       0x36 c:/winavr-20100110/bin/../lib/gcc/avr/4.3.3/../../../../avr/lib\libpololu_atmega328p.a(OrangutanPushbuttons.o)
                0x00001d94                OrangutanPushbuttons::isPressed(unsigned char)
 .text._ZN20OrangutanPushbuttons25getSingleDebouncedReleaseEh
                0x00001dca      0x16e c:/winavr-20100110/bin/../lib/gcc/avr/4.3.3/../../../../avr/lib\libpololu_atmega328p.a(OrangutanPushbuttons.o)
                0x00001dca                OrangutanPushbuttons::getSingleDebouncedRelease(unsigned char)
 .text.get_single_debounced_button_release
                0x00001f38        0x6 c:/winavr-20100110/bin/../lib/gcc/avr/4.3.3/../../../../avr/lib\libpololu_atmega328p.a(OrangutanPushbuttons.o)
                0x00001f38                get_single_debounced_button_release
 .text._ZN20OrangutanPushbuttons23getSingleDebouncedPressEh
                0x00001f3e      0x170 c:/winavr-20100110/bin/../lib/gcc/avr/4.3.3/../../../../avr/lib\libpololu_atmega328p.a(OrangutanPushbuttons.o)
                0x00001f3e                OrangutanPushbuttons::getSingleDebouncedPress(unsigned char)
 .text.get_single_debounced_button_press
                0x000020ae        0x6 c:/winavr-20100110/bin/../lib/gcc/avr/4.3.3/../../../../avr/lib\libpololu_atmega328p.a(OrangutanPushbuttons.o)
                0x000020ae                get_single_debounced_button_press
 .text._ZN20OrangutanPushbuttons14waitForReleaseEh
                0x000020b4       0x64 c:/winavr-20100110/bin/../lib/gcc/avr/4.3.3/../../../../avr/lib\libpololu_atmega328p.a(OrangutanPushbuttons.o)
                0x000020b4                OrangutanPushbuttons::waitForRelease(unsigned char)
 .text.wait_for_button_release
                0x00002118        0x6 c:/winavr-20100110/bin/../lib/gcc/avr/4.3.3/../../../../avr/lib\libpololu_atmega328p.a(OrangutanPushbuttons.o)
                0x00002118                wait_for_button_release
 .text._ZN20OrangutanPushbuttons12waitForPressEh
                0x0000211e       0x6e c:/winavr-20100110/bin/../lib/gcc/avr/4.3.3/../../../../avr/lib\libpololu_atmega328p.a(OrangutanPushbuttons.o)
                0x0000211e                OrangutanPushbuttons::waitForPress(unsigned char)
 .text._ZN20OrangutanPushbuttons13waitForButtonEh
                0x0000218c       0x12 c:/winavr-20100110/bin/../lib/gcc/avr/4.3.3/../../../../avr/lib\libpololu_atmega328p.a(OrangutanPushbuttons.o)
                0x0000218c                OrangutanPushbuttons::waitForButton(unsigned char)
 .text.wait_for_button
                0x0000219e        0x6 c:/winavr-20100110/bin/../lib/gcc/avr/4.3.3/../../../../avr/lib\libpololu_atmega328p.a(OrangutanPushbuttons.o)
                0x0000219e                wait_for_button
 .text.wait_for_button_press
                0x000021a4        0x6 c:/winavr-20100110/bin/../lib/gcc/avr/4.3.3/../../../../avr/lib\libpololu_atmega328p.a(OrangutanPushbuttons.o)
                0x000021a4                wait_for_button_press
 .text.get_free_ram
                0x000021aa       0x38 c:/winavr-20100110/bin/../lib/gcc/avr/4.3.3/../../../../avr/lib\libpololu_atmega328p.a(OrangutanResources.o)
                0x000021aa                get_free_ram
 .text._ZN18OrangutanResourcesC2Ev
                0x000021e2        0x2 c:/winavr-20100110/bin/../lib/gcc/avr/4.3.3/../../../../avr/lib\libpololu_atmega328p.a(OrangutanResources.o)
                0x000021e2                OrangutanResources::OrangutanResources()
 .text._ZN18OrangutanResourcesC1Ev
                0x000021e4        0x2 c:/winavr-20100110/bin/../lib/gcc/avr/4.3.3/../../../../avr/lib\libpololu_atmega328p.a(OrangutanResources.o)
                0x000021e4                OrangutanResources::OrangutanResources()
 .text._ZN18OrangutanResources10getFreeRAMEv
                0x000021e6       0x38 c:/winavr-20100110/bin/../lib/gcc/avr/4.3.3/../../../../avr/lib\libpololu_atmega328p.a(OrangutanResources.o)
                0x000021e6                OrangutanResources::getFreeRAM()
 .text.__vector_9
                0x0000221e       0x74 c:/winavr-20100110/bin/../lib/gcc/avr/4.3.3/../../../../avr/lib\libpololu_atmega328p.a(OrangutanTime.o)
                0x0000221e                __vector_9
 .text.ticks_to_microseconds
                0x00002292       0x22 c:/winavr-20100110/bin/../lib/gcc/avr/4.3.3/../../../../avr/lib\libpololu_atmega328p.a(OrangutanTime.o)
                0x00002292                ticks_to_microseconds
 .text.delay_ms
                0x000022b4       0x1e c:/winavr-20100110/bin/../lib/gcc/avr/4.3.3/../../../../avr/lib\libpololu_atmega328p.a(OrangutanTime.o)
                0x000022b4                delay_ms
 .text._ZN13OrangutanTime19ticksToMicrosecondsEm
                0x000022d2       0x22 c:/winavr-20100110/bin/../lib/gcc/avr/4.3.3/../../../../avr/lib\libpololu_atmega328p.a(OrangutanTime.o)
                0x000022d2                OrangutanTime::ticksToMicroseconds(unsigned long)
 .text._ZN13OrangutanTime17delayMillisecondsEj
                0x000022f4       0x1e c:/winavr-20100110/bin/../lib/gcc/avr/4.3.3/../../../../avr/lib\libpololu_atmega328p.a(OrangutanTime.o)
                0x000022f4                OrangutanTime::delayMilliseconds(unsigned int)
 .text._ZN13OrangutanTime5init2Ev
                0x00002312       0x30 c:/winavr-20100110/bin/../lib/gcc/avr/4.3.3/../../../../avr/lib\libpololu_atmega328p.a(OrangutanTime.o)
                0x00002312                OrangutanTime::init2()
 .text._ZN13OrangutanTime4initEv
                0x00002342       0x14 c:/winavr-20100110/bin/../lib/gcc/avr/4.3.3/../../../../avr/lib\libpololu_atmega328p.a(OrangutanTime.o)
                0x00002342                OrangutanTime::init()
 .text._ZN13OrangutanTime2msEv
                0x00002356       0x2a c:/winavr-20100110/bin/../lib/gcc/avr/4.3.3/../../../../avr/lib\libpololu_atmega328p.a(OrangutanTime.o)
                0x00002356                OrangutanTime::ms()
 .text.get_ms   0x00002380        0x6 c:/winavr-20100110/bin/../lib/gcc/avr/4.3.3/../../../../avr/lib\libpololu_atmega328p.a(OrangutanTime.o)
                0x00002380                get_ms
 .text._ZN13OrangutanTime5ticksEv
                0x00002386       0x6a c:/winavr-20100110/bin/../lib/gcc/avr/4.3.3/../../../../avr/lib\libpololu_atmega328p.a(OrangutanTime.o)
                0x00002386                OrangutanTime::ticks()
 .text.get_ticks
                0x000023f0        0x6 c:/winavr-20100110/bin/../lib/gcc/avr/4.3.3/../../../../avr/lib\libpololu_atmega328p.a(OrangutanTime.o)
                0x000023f0                get_ticks
 .text._ZN13OrangutanTime5resetEv
                0x000023f6       0x2e c:/winavr-20100110/bin/../lib/gcc/avr/4.3.3/../../../../avr/lib\libpololu_atmega328p.a(OrangutanTime.o)
                0x000023f6                OrangutanTime::reset()
 .text.time_reset
                0x00002424        0x6 c:/winavr-20100110/bin/../lib/gcc/avr/4.3.3/../../../../avr/lib\libpololu_atmega328p.a(OrangutanTime.o)
                0x00002424                time_reset
 .text.get_line_sensors_calibrated_minimum_on
                0x0000242a        0xa c:/winavr-20100110/bin/../lib/gcc/avr/4.3.3/../../../../avr/lib\libpololu_atmega328p.a(Pololu3pi.o)
                0x0000242a                get_line_sensors_calibrated_minimum_on
 .text.get_line_sensors_calibrated_maximum_on
                0x00002434        0xa c:/winavr-20100110/bin/../lib/gcc/avr/4.3.3/../../../../avr/lib\libpololu_atmega328p.a(Pololu3pi.o)
                0x00002434                get_line_sensors_calibrated_maximum_on
 .text.get_line_sensors_calibrated_minimum_off
                0x0000243e        0xa c:/winavr-20100110/bin/../lib/gcc/avr/4.3.3/../../../../avr/lib\libpololu_atmega328p.a(Pololu3pi.o)
                0x0000243e                get_line_sensors_calibrated_minimum_off
 .text.get_line_sensors_calibrated_maximum_off
                0x00002448        0xa c:/winavr-20100110/bin/../lib/gcc/avr/4.3.3/../../../../avr/lib\libpololu_atmega328p.a(Pololu3pi.o)
                0x00002448                get_line_sensors_calibrated_maximum_off
 .text._ZN9Pololu3pi33getLineSensorsCalibratedMinimumOnEv
                0x00002452        0xa c:/winavr-20100110/bin/../lib/gcc/avr/4.3.3/../../../../avr/lib\libpololu_atmega328p.a(Pololu3pi.o)
                0x00002452                Pololu3pi::getLineSensorsCalibratedMinimumOn()
 .text._ZN9Pololu3pi33getLineSensorsCalibratedMaximumOnEv
                0x0000245c        0xa c:/winavr-20100110/bin/../lib/gcc/avr/4.3.3/../../../../avr/lib\libpololu_atmega328p.a(Pololu3pi.o)
                0x0000245c                Pololu3pi::getLineSensorsCalibratedMaximumOn()
 .text._ZN9Pololu3pi34getLineSensorsCalibratedMinimumOffEv
                0x00002466        0xa c:/winavr-20100110/bin/../lib/gcc/avr/4.3.3/../../../../avr/lib\libpololu_atmega328p.a(Pololu3pi.o)
                0x00002466                Pololu3pi::getLineSensorsCalibratedMinimumOff()
 .text._ZN9Pololu3pi34getLineSensorsCalibratedMaximumOffEv
                0x00002470        0xa c:/winavr-20100110/bin/../lib/gcc/avr/4.3.3/../../../../avr/lib\libpololu_atmega328p.a(Pololu3pi.o)
                0x00002470                Pololu3pi::getLineSensorsCalibratedMaximumOff()
 .text._GLOBAL__I_pololu_3pi_init
                0x0000247a        0x2 c:/winavr-20100110/bin/../lib/gcc/avr/4.3.3/../../../../avr/lib\libpololu_atmega328p.a(Pololu3pi.o)
 .text._GLOBAL__D_pololu_3pi_init
                0x0000247c        0xa c:/winavr-20100110/bin/../lib/gcc/avr/4.3.3/../../../../avr/lib\libpololu_atmega328p.a(Pololu3pi.o)
 .text._ZN9Pololu3pi8readLineEPjhh
                0x00002486        0xa c:/winavr-20100110/bin/../lib/gcc/avr/4.3.3/../../../../avr/lib\libpololu_atmega328p.a(Pololu3pi.o)
                0x00002486                Pololu3pi::readLine(unsigned int*, unsigned char, unsigned char)
 .text.read_line_white
                0x00002490       0x12 c:/winavr-20100110/bin/../lib/gcc/avr/4.3.3/../../../../avr/lib\libpololu_atmega328p.a(Pololu3pi.o)
                0x00002490                read_line_white
 .text.read_line
                0x000024a2       0x12 c:/winavr-20100110/bin/../lib/gcc/avr/4.3.3/../../../../avr/lib\libpololu_atmega328p.a(Pololu3pi.o)
                0x000024a2                read_line
 .text._ZN9Pololu3pi25readLineSensorsCalibratedEPjh
                0x000024b4        0xa c:/winavr-20100110/bin/../lib/gcc/avr/4.3.3/../../../../avr/lib\libpololu_atmega328p.a(Pololu3pi.o)
                0x000024b4                Pololu3pi::readLineSensorsCalibrated(unsigned int*, unsigned char)
 .text.read_line_sensors_calibrated
                0x000024be       0x10 c:/winavr-20100110/bin/../lib/gcc/avr/4.3.3/../../../../avr/lib\libpololu_atmega328p.a(Pololu3pi.o)
                0x000024be                read_line_sensors_calibrated
 .text._ZN9Pololu3pi20calibrateLineSensorsEh
                0x000024ce        0xa c:/winavr-20100110/bin/../lib/gcc/avr/4.3.3/../../../../avr/lib\libpololu_atmega328p.a(Pololu3pi.o)
                0x000024ce                Pololu3pi::calibrateLineSensors(unsigned char)
 .text.calibrate_line_sensors
                0x000024d8        0xc c:/winavr-20100110/bin/../lib/gcc/avr/4.3.3/../../../../avr/lib\libpololu_atmega328p.a(Pololu3pi.o)
                0x000024d8                calibrate_line_sensors
 .text._ZN9Pololu3pi11emittersOffEv
                0x000024e4        0xa c:/winavr-20100110/bin/../lib/gcc/avr/4.3.3/../../../../avr/lib\libpololu_atmega328p.a(Pololu3pi.o)
                0x000024e4                Pololu3pi::emittersOff()
 .text.emitters_off
                0x000024ee        0xa c:/winavr-20100110/bin/../lib/gcc/avr/4.3.3/../../../../avr/lib\libpololu_atmega328p.a(Pololu3pi.o)
                0x000024ee                emitters_off
 .text._ZN9Pololu3pi10emittersOnEv
                0x000024f8        0xa c:/winavr-20100110/bin/../lib/gcc/avr/4.3.3/../../../../avr/lib\libpololu_atmega328p.a(Pololu3pi.o)
                0x000024f8                Pololu3pi::emittersOn()
 .text.emitters_on
                0x00002502        0xa c:/winavr-20100110/bin/../lib/gcc/avr/4.3.3/../../../../avr/lib\libpololu_atmega328p.a(Pololu3pi.o)
                0x00002502                emitters_on
 .text._ZN9Pololu3pi15readLineSensorsEPjh
                0x0000250c       0x10 c:/winavr-20100110/bin/../lib/gcc/avr/4.3.3/../../../../avr/lib\libpololu_atmega328p.a(Pololu3pi.o)
                0x0000250c                Pololu3pi::readLineSensors(unsigned int*, unsigned char)
 .text.read_line_sensors
                0x0000251c       0x10 c:/winavr-20100110/bin/../lib/gcc/avr/4.3.3/../../../../avr/lib\libpololu_atmega328p.a(Pololu3pi.o)
                0x0000251c                read_line_sensors
 .text._ZN9Pololu3pi4initEjh
                0x0000252c       0x64 c:/winavr-20100110/bin/../lib/gcc/avr/4.3.3/../../../../avr/lib\libpololu_atmega328p.a(Pololu3pi.o)
                0x0000252c                Pololu3pi::init(unsigned int, unsigned char)
 .text.pololu_3pi_init_disable_emitter_pin
                0x00002590        0x8 c:/winavr-20100110/bin/../lib/gcc/avr/4.3.3/../../../../avr/lib\libpololu_atmega328p.a(Pololu3pi.o)
                0x00002590                pololu_3pi_init_disable_emitter_pin
 .text.pololu_3pi_init
                0x00002598        0x8 c:/winavr-20100110/bin/../lib/gcc/avr/4.3.3/../../../../avr/lib\libpololu_atmega328p.a(Pololu3pi.o)
                0x00002598                pololu_3pi_init
 .text.line_sensors_reset_calibration
                0x000025a0        0xa c:/winavr-20100110/bin/../lib/gcc/avr/4.3.3/../../../../avr/lib\libpololu_atmega328p.a(Pololu3pi.o)
                0x000025a0                line_sensors_reset_calibration
 .text.qtr_emitters_on
                0x000025aa       0x34 c:/winavr-20100110/bin/../lib/gcc/avr/4.3.3/../../../../avr/lib\libpololu_atmega328p.a(PololuQTRSensors.o)
                0x000025aa                qtr_emitters_on
 .text.qtr_emitters_off
                0x000025de       0x36 c:/winavr-20100110/bin/../lib/gcc/avr/4.3.3/../../../../avr/lib\libpololu_atmega328p.a(PololuQTRSensors.o)
                0x000025de                qtr_emitters_off
 .text.qtr_calibrated_minimum_on
                0x00002614        0xe c:/winavr-20100110/bin/../lib/gcc/avr/4.3.3/../../../../avr/lib\libpololu_atmega328p.a(PololuQTRSensors.o)
                0x00002614                qtr_calibrated_minimum_on
 .text.qtr_calibrated_maximum_on
                0x00002622        0xe c:/winavr-20100110/bin/../lib/gcc/avr/4.3.3/../../../../avr/lib\libpololu_atmega328p.a(PololuQTRSensors.o)
                0x00002622                qtr_calibrated_maximum_on
 .text.qtr_calibrated_minimum_off
                0x00002630        0xe c:/winavr-20100110/bin/../lib/gcc/avr/4.3.3/../../../../avr/lib\libpololu_atmega328p.a(PololuQTRSensors.o)
                0x00002630                qtr_calibrated_minimum_off
 .text.qtr_calibrated_maximum_off
                0x0000263e        0xe c:/winavr-20100110/bin/../lib/gcc/avr/4.3.3/../../../../avr/lib\libpololu_atmega328p.a(PololuQTRSensors.o)
                0x0000263e                qtr_calibrated_maximum_off
 .text._ZN16PololuQTRSensors4initEhhh
                0x0000264c       0x9a c:/winavr-20100110/bin/../lib/gcc/avr/4.3.3/../../../../avr/lib\libpololu_atmega328p.a(PololuQTRSensors.o)
                0x0000264c                PololuQTRSensors::init(unsigned char, unsigned char, unsigned char)
 .text._ZN16PololuQTRSensors11emittersOffEv
                0x000026e6       0x30 c:/winavr-20100110/bin/../lib/gcc/avr/4.3.3/../../../../avr/lib\libpololu_atmega328p.a(PololuQTRSensors.o)
                0x000026e6                PololuQTRSensors::emittersOff()
 .text._ZN16PololuQTRSensors10emittersOnEv
                0x00002716       0x2e c:/winavr-20100110/bin/../lib/gcc/avr/4.3.3/../../../../avr/lib\libpololu_atmega328p.a(PololuQTRSensors.o)
                0x00002716                PololuQTRSensors::emittersOn()
 .text._ZN16PololuQTRSensors16resetCalibrationEv
                0x00002744       0x94 c:/winavr-20100110/bin/../lib/gcc/avr/4.3.3/../../../../avr/lib\libpololu_atmega328p.a(PololuQTRSensors.o)
                0x00002744                PololuQTRSensors::resetCalibration()
 .text.qtr_reset_calibration
                0x000027d8        0xe c:/winavr-20100110/bin/../lib/gcc/avr/4.3.3/../../../../avr/lib\libpololu_atmega328p.a(PololuQTRSensors.o)
                0x000027d8                qtr_reset_calibration
 .text._ZN18PololuQTRSensorsRC4initEPhhjh
                0x000027e6       0xf6 c:/winavr-20100110/bin/../lib/gcc/avr/4.3.3/../../../../avr/lib\libpololu_atmega328p.a(PololuQTRSensors.o)
                0x000027e6                PololuQTRSensorsRC::init(unsigned char*, unsigned char, unsigned int, unsigned char)
 .text._ZN18PololuQTRSensorsRCC1EPhhjh
                0x000028dc        0xa c:/winavr-20100110/bin/../lib/gcc/avr/4.3.3/../../../../avr/lib\libpololu_atmega328p.a(PololuQTRSensors.o)
                0x000028dc                PololuQTRSensorsRC::PololuQTRSensorsRC(unsigned char*, unsigned char, unsigned int, unsigned char)
 .text._ZN18PololuQTRSensorsRCC2EPhhjh
                0x000028e6        0xa c:/winavr-20100110/bin/../lib/gcc/avr/4.3.3/../../../../avr/lib\libpololu_atmega328p.a(PololuQTRSensors.o)
                0x000028e6                PololuQTRSensorsRC::PololuQTRSensorsRC(unsigned char*, unsigned char, unsigned int, unsigned char)
 .text._ZN18PololuQTRSensorsRC11readPrivateEPj
                0x000028f0      0x18e c:/winavr-20100110/bin/../lib/gcc/avr/4.3.3/../../../../avr/lib\libpololu_atmega328p.a(PololuQTRSensors.o)
                0x000028f0                PololuQTRSensorsRC::readPrivate(unsigned int*)
 .text._ZN22PololuQTRSensorsAnalog4initEPhhhh
                0x00002a7e       0x6c c:/winavr-20100110/bin/../lib/gcc/avr/4.3.3/../../../../avr/lib\libpololu_atmega328p.a(PololuQTRSensors.o)
                0x00002a7e                PololuQTRSensorsAnalog::init(unsigned char*, unsigned char, unsigned char, unsigned char)
 .text._ZN22PololuQTRSensorsAnalogC1EPhhhh
                0x00002aea        0xa c:/winavr-20100110/bin/../lib/gcc/avr/4.3.3/../../../../avr/lib\libpololu_atmega328p.a(PololuQTRSensors.o)
                0x00002aea                PololuQTRSensorsAnalog::PololuQTRSensorsAnalog(unsigned char*, unsigned char, unsigned char, unsigned char)
 .text._ZN22PololuQTRSensorsAnalogC2EPhhhh
                0x00002af4        0xa c:/winavr-20100110/bin/../lib/gcc/avr/4.3.3/../../../../avr/lib\libpololu_atmega328p.a(PololuQTRSensors.o)
                0x00002af4                PololuQTRSensorsAnalog::PololuQTRSensorsAnalog(unsigned char*, unsigned char, unsigned char, unsigned char)
 .text._ZN22PololuQTRSensorsAnalog11readPrivateEPj
                0x00002afe       0xf8 c:/winavr-20100110/bin/../lib/gcc/avr/4.3.3/../../../../avr/lib\libpololu_atmega328p.a(PololuQTRSensors.o)
                0x00002afe                PololuQTRSensorsAnalog::readPrivate(unsigned int*)
 .text._ZN16PololuQTRSensors4readEPjh
                0x00002bf6      0x13e c:/winavr-20100110/bin/../lib/gcc/avr/4.3.3/../../../../avr/lib\libpololu_atmega328p.a(PololuQTRSensors.o)
                0x00002bf6                PololuQTRSensors::read(unsigned int*, unsigned char)
 .text._ZN16PololuQTRSensors14readCalibratedEPjh
                0x00002d34      0x17a c:/winavr-20100110/bin/../lib/gcc/avr/4.3.3/../../../../avr/lib\libpololu_atmega328p.a(PololuQTRSensors.o)
                0x00002d34                PololuQTRSensors::readCalibrated(unsigned int*, unsigned char)
 .text._ZN16PololuQTRSensors8readLineEPjhh
                0x00002eae      0x122 c:/winavr-20100110/bin/../lib/gcc/avr/4.3.3/../../../../avr/lib\libpololu_atmega328p.a(PololuQTRSensors.o)
                0x00002eae                PololuQTRSensors::readLine(unsigned int*, unsigned char, unsigned char)
 .text.qtr_read_line_white
                0x00002fd0       0x16 c:/winavr-20100110/bin/../lib/gcc/avr/4.3.3/../../../../avr/lib\libpololu_atmega328p.a(PololuQTRSensors.o)
                0x00002fd0                qtr_read_line_white
 .text.qtr_read_line
                0x00002fe6       0x16 c:/winavr-20100110/bin/../lib/gcc/avr/4.3.3/../../../../avr/lib\libpololu_atmega328p.a(PololuQTRSensors.o)
                0x00002fe6                qtr_read_line
 .text.qtr_read_calibrated
                0x00002ffc       0x14 c:/winavr-20100110/bin/../lib/gcc/avr/4.3.3/../../../../avr/lib\libpololu_atmega328p.a(PololuQTRSensors.o)
                0x00002ffc                qtr_read_calibrated
 .text.qtr_read
                0x00003010       0x14 c:/winavr-20100110/bin/../lib/gcc/avr/4.3.3/../../../../avr/lib\libpololu_atmega328p.a(PololuQTRSensors.o)
                0x00003010                qtr_read
 .text._ZN16PololuQTRSensorsD1Ev
                0x00003024       0x3c c:/winavr-20100110/bin/../lib/gcc/avr/4.3.3/../../../../avr/lib\libpololu_atmega328p.a(PololuQTRSensors.o)
                0x00003024                PololuQTRSensors::~PololuQTRSensors()
 .text._ZN16PololuQTRSensorsD2Ev
                0x00003060       0x3c c:/winavr-20100110/bin/../lib/gcc/avr/4.3.3/../../../../avr/lib\libpololu_atmega328p.a(PololuQTRSensors.o)
                0x00003060                PololuQTRSensors::~PololuQTRSensors()
 .text._ZN16PololuQTRSensors16calibrateOnOrOffEPPjS1_h
                0x0000309c      0x204 c:/winavr-20100110/bin/../lib/gcc/avr/4.3.3/../../../../avr/lib\libpololu_atmega328p.a(PololuQTRSensors.o)
                0x0000309c                PololuQTRSensors::calibrateOnOrOff(unsigned int**, unsigned int**, unsigned char)
 .text._ZN16PololuQTRSensors9calibrateEh
                0x000032a0       0x44 c:/winavr-20100110/bin/../lib/gcc/avr/4.3.3/../../../../avr/lib\libpololu_atmega328p.a(PololuQTRSensors.o)
                0x000032a0                PololuQTRSensors::calibrate(unsigned char)
 .text.qtr_calibrate
                0x000032e4       0x10 c:/winavr-20100110/bin/../lib/gcc/avr/4.3.3/../../../../avr/lib\libpololu_atmega328p.a(PololuQTRSensors.o)
                0x000032e4                qtr_calibrate
 .text.qtr_analog_init
                0x000032f4       0x46 c:/winavr-20100110/bin/../lib/gcc/avr/4.3.3/../../../../avr/lib\libpololu_atmega328p.a(PololuQTRSensors.o)
                0x000032f4                qtr_analog_init
 .text.qtr_rc_init
                0x0000333a       0x46 c:/winavr-20100110/bin/../lib/gcc/avr/4.3.3/../../../../avr/lib\libpololu_atmega328p.a(PololuQTRSensors.o)
                0x0000333a                qtr_rc_init
 .text.libgcc   0x00003380       0x3e c:/winavr-20100110/bin/../lib/gcc/avr/4.3.3/avr5\libgcc.a(_mulsi3.o)
                0x00003380                __mulsi3
 .text.libgcc   0x000033be       0x18 c:/winavr-20100110/bin/../lib/gcc/avr/4.3.3/avr5\libgcc.a(_udivmodqi4.o)
                0x000033be                __udivmodqi4
 .text.libgcc   0x000033d6       0x28 c:/winavr-20100110/bin/../lib/gcc/avr/4.3.3/avr5\libgcc.a(_udivmodhi4.o)
                0x000033d6                __udivmodhi4
 .text.libgcc   0x000033fe       0x26 c:/winavr-20100110/bin/../lib/gcc/avr/4.3.3/avr5\libgcc.a(_divmodhi4.o)
                0x000033fe                __divmodhi4
                0x000033fe                _div
 .text.libgcc   0x00003424       0x44 c:/winavr-20100110/bin/../lib/gcc/avr/4.3.3/avr5\libgcc.a(_udivmodsi4.o)
                0x00003424                __udivmodsi4
 .text.libgcc   0x00003468       0x36 c:/winavr-20100110/bin/../lib/gcc/avr/4.3.3/avr5\libgcc.a(_divmodsi4.o)
                0x00003468                __divmodsi4
 .text.libgcc   0x0000349e       0x38 c:/winavr-20100110/bin/../lib/gcc/avr/4.3.3/avr5\libgcc.a(_prologue.o)
                0x0000349e                __prologue_saves__
 .text.libgcc   0x000034d6       0x36 c:/winavr-20100110/bin/../lib/gcc/avr/4.3.3/avr5\libgcc.a(_epilogue.o)
                0x000034d6                __epilogue_restores__
 .text.libgcc   0x0000350c        0x0 c:/winavr-20100110/bin/../lib/gcc/avr/4.3.3/avr5\libgcc.a(_exit.o)
 .text.libgcc   0x0000350c        0xc c:/winavr-20100110/bin/../lib/gcc/avr/4.3.3/avr5\libgcc.a(_tablejump.o)
                0x00003510                __tablejump__
                0x0000350c                __tablejump2__
 .text.libgcc   0x00003518        0x0 c:/winavr-20100110/bin/../lib/gcc/avr/4.3.3/avr5\libgcc.a(_copy_data.o)
 .text.libgcc   0x00003518        0x0 c:/winavr-20100110/bin/../lib/gcc/avr/4.3.3/avr5\libgcc.a(_clear_bss.o)
 .text.libgcc   0x00003518        0x0 c:/winavr-20100110/bin/../lib/gcc/avr/4.3.3/avr5\libgcc.a(_ctors.o)
 .text.libgcc   0x00003518        0x0 c:/winavr-20100110/bin/../lib/gcc/avr/4.3.3/avr5\libgcc.a(_dtors.o)
 .text.avr-libc
                0x00003518      0x20a c:/winavr-20100110/bin/../lib/gcc/avr/4.3.3/../../../../avr/lib/avr5\libc.a(malloc.o)
                0x00003518                malloc
                0x00003672                free
 .text.avr-libc
                0x00003722       0x98 c:/winavr-20100110/bin/../lib/gcc/avr/4.3.3/../../../../avr/lib/avr5\libc.a(fdevopen.o)
                0x00003722                fdevopen
 .text.avr-libc
                0x000037ba       0x38 c:/winavr-20100110/bin/../lib/gcc/avr/4.3.3/../../../../avr/lib/avr5\libc.a(calloc.o)
                0x000037ba                calloc
 .text.avr-libc
                0x000037f2        0xe c:/winavr-20100110/bin/../lib/gcc/avr/4.3.3/../../../../avr/lib/avr5\libc.a(memset.o)
                0x000037f2                memset
                0x00003800                . = ALIGN (0x2)
 *(.fini9)
 .fini9         0x00003800        0x0 c:/winavr-20100110/bin/../lib/gcc/avr/4.3.3/avr5\libgcc.a(_exit.o)
                0x00003800                exit
                0x00003800                _exit
 *(.fini9)
 *(.fini8)
 *(.fini8)
 *(.fini7)
 *(.fini7)
 *(.fini6)
 .fini6         0x00003800       0x16 c:/winavr-20100110/bin/../lib/gcc/avr/4.3.3/avr5\libgcc.a(_dtors.o)
                0x00003800                __do_global_dtors
 *(.fini6)
 *(.fini5)
 *(.fini5)
 *(.fini4)
 *(.fini4)
 *(.fini3)
 *(.fini3)
 *(.fini2)
 *(.fini2)
 *(.fini1)
 *(.fini1)
 *(.fini0)
 .fini0         0x00003816        0x4 c:/winavr-20100110/bin/../lib/gcc/avr/4.3.3/avr5\libgcc.a(_exit.o)
 *(.fini0)
                0x0000381a                _etext = .

.data           0x00800100       0x8a load address 0x0000381a
                0x00800100                PROVIDE (__data_start, .)
 *(.data)
 .data          0x00800100        0x0 c:/winavr-20100110/bin/../lib/gcc/avr/4.3.3/../../../../avr/lib/avr5/crtm328p.o
 .data          0x00800100       0x71 Calibrate_Speed.o
                0x0080010b                path
 .data          0x00800171        0x2 c:/winavr-20100110/bin/../lib/gcc/avr/4.3.3/../../../../avr/lib\libpololu_atmega328p.a(OrangutanAnalog.o)
 .data          0x00800173        0x9 c:/winavr-20100110/bin/../lib/gcc/avr/4.3.3/../../../../avr/lib\libpololu_atmega328p.a(OrangutanBuzzer.o)
 .data          0x0080017c        0x2 c:/winavr-20100110/bin/../lib/gcc/avr/4.3.3/../../../../avr/lib\libpololu_atmega328p.a(OrangutanLCD.o)
                0x0080017d                numLCDCols
                0x0080017c                numLCDRows
 .data          0x0080017e        0x0 c:/winavr-20100110/bin/../lib/gcc/avr/4.3.3/../../../../avr/lib\libpololu_atmega328p.a(OrangutanMotors.o)
 .data          0x0080017e        0x0 c:/winavr-20100110/bin/../lib/gcc/avr/4.3.3/../../../../avr/lib\libpololu_atmega328p.a(OrangutanPushbuttons.o)
 .data          0x0080017e        0x1 c:/winavr-20100110/bin/../lib/gcc/avr/4.3.3/../../../../avr/lib\libpololu_atmega328p.a(OrangutanResources.o)
                0x0080017e                buzzerFinished
 .data          0x0080017f        0x0 c:/winavr-20100110/bin/../lib/gcc/avr/4.3.3/../../../../avr/lib\libpololu_atmega328p.a(OrangutanTime.o)
 .data          0x0080017f        0x5 c:/winavr-20100110/bin/../lib/gcc/avr/4.3.3/../../../../avr/lib\libpololu_atmega328p.a(Pololu3pi.o)
 .data          0x00800184        0x0 c:/winavr-20100110/bin/../lib/gcc/avr/4.3.3/../../../../avr/lib\libpololu_atmega328p.a(PololuQTRSensors.o)
 .data          0x00800184        0x0 c:/winavr-20100110/bin/../lib/gcc/avr/4.3.3/avr5\libgcc.a(_mulsi3.o)
 .data          0x00800184        0x0 c:/winavr-20100110/bin/../lib/gcc/avr/4.3.3/avr5\libgcc.a(_udivmodqi4.o)
 .data          0x00800184        0x0 c:/winavr-20100110/bin/../lib/gcc/avr/4.3.3/avr5\libgcc.a(_udivmodhi4.o)
 .data          0x00800184        0x0 c:/winavr-20100110/bin/../lib/gcc/avr/4.3.3/avr5\libgcc.a(_divmodhi4.o)
 .data          0x00800184        0x0 c:/winavr-20100110/bin/../lib/gcc/avr/4.3.3/avr5\libgcc.a(_udivmodsi4.o)
 .data          0x00800184        0x0 c:/winavr-20100110/bin/../lib/gcc/avr/4.3.3/avr5\libgcc.a(_divmodsi4.o)
 .data          0x00800184        0x0 c:/winavr-20100110/bin/../lib/gcc/avr/4.3.3/avr5\libgcc.a(_prologue.o)
 .data          0x00800184        0x0 c:/winavr-20100110/bin/../lib/gcc/avr/4.3.3/avr5\libgcc.a(_epilogue.o)
 .data          0x00800184        0x0 c:/winavr-20100110/bin/../lib/gcc/avr/4.3.3/avr5\libgcc.a(_exit.o)
 .data          0x00800184        0x0 c:/winavr-20100110/bin/../lib/gcc/avr/4.3.3/avr5\libgcc.a(_tablejump.o)
 .data          0x00800184        0x0 c:/winavr-20100110/bin/../lib/gcc/avr/4.3.3/avr5\libgcc.a(_copy_data.o)
 .data          0x00800184        0x0 c:/winavr-20100110/bin/../lib/gcc/avr/4.3.3/avr5\libgcc.a(_clear_bss.o)
 .data          0x00800184        0x0 c:/winavr-20100110/bin/../lib/gcc/avr/4.3.3/avr5\libgcc.a(_ctors.o)
 .data          0x00800184        0x0 c:/winavr-20100110/bin/../lib/gcc/avr/4.3.3/avr5\libgcc.a(_dtors.o)
 .data          0x00800184        0x6 c:/winavr-20100110/bin/../lib/gcc/avr/4.3.3/../../../../avr/lib/avr5\libc.a(malloc.o)
                0x00800186                __malloc_heap_start
                0x00800188                __malloc_heap_end
                0x00800184                __malloc_margin
 .data          0x0080018a        0x0 c:/winavr-20100110/bin/../lib/gcc/avr/4.3.3/../../../../avr/lib/avr5\libc.a(fdevopen.o)
 .data          0x0080018a        0x0 c:/winavr-20100110/bin/../lib/gcc/avr/4.3.3/../../../../avr/lib/avr5\libc.a(iob.o)
 .data          0x0080018a        0x0 c:/winavr-20100110/bin/../lib/gcc/avr/4.3.3/../../../../avr/lib/avr5\libc.a(calloc.o)
 .data          0x0080018a        0x0 c:/winavr-20100110/bin/../lib/gcc/avr/4.3.3/../../../../avr/lib/avr5\libc.a(memset.o)
 *(.data*)
 *(.rodata)
 *(.rodata*)
 *(.gnu.linkonce.d*)
                0x0080018a                . = ALIGN (0x2)
                0x0080018a                _edata = .
                0x0080018a                PROVIDE (__data_end, .)

.bss            0x0080018a       0x7e
                0x0080018a                PROVIDE (__bss_start, .)
 *(.bss)
 .bss           0x0080018a        0x0 c:/winavr-20100110/bin/../lib/gcc/avr/4.3.3/../../../../avr/lib/avr5/crtm328p.o
 .bss           0x0080018a        0x1 Calibrate_Speed.o
                0x0080018a                path_length
 .bss           0x0080018b        0x0 c:/winavr-20100110/bin/../lib/gcc/avr/4.3.3/../../../../avr/lib\libpololu_atmega328p.a(OrangutanAnalog.o)
 .bss           0x0080018b        0x6 c:/winavr-20100110/bin/../lib/gcc/avr/4.3.3/../../../../avr/lib\libpololu_atmega328p.a(OrangutanBuzzer.o)
 .bss           0x00800191        0x9 c:/winavr-20100110/bin/../lib/gcc/avr/4.3.3/../../../../avr/lib\libpololu_atmega328p.a(OrangutanLCD.o)
                0x00800191                printf_chars
                0x00800195                lcdTimeout
                0x00800194                col
                0x00800199                OrangutanLCD::init()::initialized
                0x00800193                row
 .bss           0x0080019a        0x1 c:/winavr-20100110/bin/../lib/gcc/avr/4.3.3/../../../../avr/lib\libpololu_atmega328p.a(OrangutanMotors.o)
                0x0080019a                OrangutanMotors::init()::initialized
 .bss           0x0080019b        0xd c:/winavr-20100110/bin/../lib/gcc/avr/4.3.3/../../../../avr/lib\libpololu_atmega328p.a(OrangutanPushbuttons.o)
                0x0080019b                OrangutanPushbuttons::init()::initialized
 .bss           0x008001a8        0x3 c:/winavr-20100110/bin/../lib/gcc/avr/4.3.3/../../../../avr/lib\libpololu_atmega328p.a(OrangutanResources.o)
                0x008001a8                buzzerInitialized
                0x008001a9                buzzerSequence
 .bss           0x008001ab        0xb c:/winavr-20100110/bin/../lib/gcc/avr/4.3.3/../../../../avr/lib\libpololu_atmega328p.a(OrangutanTime.o)
                0x008001b5                OrangutanTime::init()::initialized
                0x008001ab                tickCount
                0x008001af                msCounter
                0x008001b3                us_over_10
 .bss           0x008001b6       0x44 c:/winavr-20100110/bin/../lib/gcc/avr/4.3.3/../../../../avr/lib\libpololu_atmega328p.a(Pololu3pi.o)
 .bss           0x008001fa        0x4 c:/winavr-20100110/bin/../lib/gcc/avr/4.3.3/../../../../avr/lib\libpololu_atmega328p.a(PololuQTRSensors.o)
 .bss           0x008001fe        0x0 c:/winavr-20100110/bin/../lib/gcc/avr/4.3.3/avr5\libgcc.a(_mulsi3.o)
 .bss           0x008001fe        0x0 c:/winavr-20100110/bin/../lib/gcc/avr/4.3.3/avr5\libgcc.a(_udivmodqi4.o)
 .bss           0x008001fe        0x0 c:/winavr-20100110/bin/../lib/gcc/avr/4.3.3/avr5\libgcc.a(_udivmodhi4.o)
 .bss           0x008001fe        0x0 c:/winavr-20100110/bin/../lib/gcc/avr/4.3.3/avr5\libgcc.a(_divmodhi4.o)
 .bss           0x008001fe        0x0 c:/winavr-20100110/bin/../lib/gcc/avr/4.3.3/avr5\libgcc.a(_udivmodsi4.o)
 .bss           0x008001fe        0x0 c:/winavr-20100110/bin/../lib/gcc/avr/4.3.3/avr5\libgcc.a(_divmodsi4.o)
 .bss           0x008001fe        0x0 c:/winavr-20100110/bin/../lib/gcc/avr/4.3.3/avr5\libgcc.a(_prologue.o)
 .bss           0x008001fe        0x0 c:/winavr-20100110/bin/../lib/gcc/avr/4.3.3/avr5\libgcc.a(_epilogue.o)
 .bss           0x008001fe        0x0 c:/winavr-20100110/bin/../lib/gcc/avr/4.3.3/avr5\libgcc.a(_exit.o)
 .bss           0x008001fe        0x0 c:/winavr-20100110/bin/../lib/gcc/avr/4.3.3/avr5\libgcc.a(_tablejump.o)
 .bss           0x008001fe        0x0 c:/winavr-20100110/bin/../lib/gcc/avr/4.3.3/avr5\libgcc.a(_copy_data.o)
 .bss           0x008001fe        0x0 c:/winavr-20100110/bin/../lib/gcc/avr/4.3.3/avr5\libgcc.a(_clear_bss.o)
 .bss           0x008001fe        0x0 c:/winavr-20100110/bin/../lib/gcc/avr/4.3.3/avr5\libgcc.a(_ctors.o)
 .bss           0x008001fe        0x0 c:/winavr-20100110/bin/../lib/gcc/avr/4.3.3/avr5\libgcc.a(_dtors.o)
 .bss           0x008001fe        0x0 c:/winavr-20100110/bin/../lib/gcc/avr/4.3.3/../../../../avr/lib/avr5\libc.a(malloc.o)
 .bss           0x008001fe        0x0 c:/winavr-20100110/bin/../lib/gcc/avr/4.3.3/../../../../avr/lib/avr5\libc.a(fdevopen.o)
 .bss           0x008001fe        0x0 c:/winavr-20100110/bin/../lib/gcc/avr/4.3.3/../../../../avr/lib/avr5\libc.a(iob.o)
 .bss           0x008001fe        0x0 c:/winavr-20100110/bin/../lib/gcc/avr/4.3.3/../../../../avr/lib/avr5\libc.a(calloc.o)
 .bss           0x008001fe        0x0 c:/winavr-20100110/bin/../lib/gcc/avr/4.3.3/../../../../avr/lib/avr5\libc.a(memset.o)
 *(.bss*)
 *(COMMON)
 COMMON         0x008001fe        0x4 c:/winavr-20100110/bin/../lib/gcc/avr/4.3.3/../../../../avr/lib/avr5\libc.a(malloc.o)
                0x008001fe                __brkval
                0x00800200                __flp
 COMMON         0x00800202        0x6 c:/winavr-20100110/bin/../lib/gcc/avr/4.3.3/../../../../avr/lib/avr5\libc.a(iob.o)
                0x00800202                __iob
                0x00800208                PROVIDE (__bss_end, .)
                0x0000381a                __data_load_start = LOADADDR (.data)
                0x000038a4                __data_load_end = (__data_load_start + SIZEOF (.data))

.noinit         0x00800208        0x0
                0x00800208                PROVIDE (__noinit_start, .)
 *(.noinit*)
                0x00800208                PROVIDE (__noinit_end, .)
                0x00800208                _end = .
                0x00800208                PROVIDE (__heap_start, .)

.eeprom         0x00810000        0x0
 *(.eeprom*)
                0x00810000                __eeprom_end = .

.fuse
 *(.fuse)
 *(.lfuse)
 *(.hfuse)
 *(.efuse)

.lock
 *(.lock*)

.signature
 *(.signature*)

.stab           0x00000000     0x9600
 *(.stab)
 .stab          0x00000000     0x159c c:/winavr-20100110/bin/../lib/gcc/avr/4.3.3/../../../../avr/lib\libpololu_atmega328p.a(OrangutanAnalog.o)
 .stab          0x0000159c     0x1344 c:/winavr-20100110/bin/../lib/gcc/avr/4.3.3/../../../../avr/lib\libpololu_atmega328p.a(OrangutanBuzzer.o)
                               0x1350 (size before relaxing)
 .stab          0x000028e0     0x1e18 c:/winavr-20100110/bin/../lib/gcc/avr/4.3.3/../../../../avr/lib\libpololu_atmega328p.a(OrangutanLCD.o)
                               0x1e24 (size before relaxing)
 .stab          0x000046f8      0x8f4 c:/winavr-20100110/bin/../lib/gcc/avr/4.3.3/../../../../avr/lib\libpololu_atmega328p.a(OrangutanMotors.o)
                                0x900 (size before relaxing)
 .stab          0x00004fec      0xe40 c:/winavr-20100110/bin/../lib/gcc/avr/4.3.3/../../../../avr/lib\libpololu_atmega328p.a(OrangutanPushbuttons.o)
                                0xe4c (size before relaxing)
 .stab          0x00005e2c      0x4a4 c:/winavr-20100110/bin/../lib/gcc/avr/4.3.3/../../../../avr/lib\libpololu_atmega328p.a(OrangutanResources.o)
                                0x4b0 (size before relaxing)
 .stab          0x000062d0      0x8f4 c:/winavr-20100110/bin/../lib/gcc/avr/4.3.3/../../../../avr/lib\libpololu_atmega328p.a(OrangutanTime.o)
                                0x900 (size before relaxing)
 .stab          0x00006bc4      0xd80 c:/winavr-20100110/bin/../lib/gcc/avr/4.3.3/../../../../avr/lib\libpololu_atmega328p.a(Pololu3pi.o)
                                0xd8c (size before relaxing)
 .stab          0x00007944     0x1cbc c:/winavr-20100110/bin/../lib/gcc/avr/4.3.3/../../../../avr/lib\libpololu_atmega328p.a(PololuQTRSensors.o)
                               0x1cc8 (size before relaxing)

.stabstr        0x00000000     0x8894
 *(.stabstr)
 .stabstr       0x00000000     0x8894 c:/winavr-20100110/bin/../lib/gcc/avr/4.3.3/../../../../avr/lib\libpololu_atmega328p.a(OrangutanAnalog.o)

.stab.excl
 *(.stab.excl)

.stab.exclstr
 *(.stab.exclstr)

.stab.index
 *(.stab.index)

.stab.indexstr
 *(.stab.indexstr)

.comment
 *(.comment)

.debug
 *(.debug)

.line
 *(.line)

.debug_srcinfo
 *(.debug_srcinfo)

.debug_sfnames
 *(.debug_sfnames)

.debug_aranges  0x00000000       0x20
 *(.debug_aranges)
 .debug_aranges
                0x00000000       0x20 Calibrate_Speed.o

.debug_pubnames
                0x00000000       0xf6
 *(.debug_pubnames)
 .debug_pubnames
                0x00000000       0xf6 Calibrate_Speed.o

.debug_info     0x00000000      0x414
 *(.debug_info)
 .debug_info    0x00000000      0x414 Calibrate_Speed.o
 *(.gnu.linkonce.wi.*)

.debug_abbrev   0x00000000      0x1c0
 *(.debug_abbrev)
 .debug_abbrev  0x00000000      0x1c0 Calibrate_Speed.o

.debug_line     0x00000000      0x392
 *(.debug_line)
 .debug_line    0x00000000      0x392 Calibrate_Speed.o

.debug_frame    0x00000000       0x80
 *(.debug_frame)
 .debug_frame   0x00000000       0x80 Calibrate_Speed.o

.debug_str      0x00000000      0x1e9
 *(.debug_str)
 .debug_str     0x00000000      0x1e9 Calibrate_Speed.o
                                0x234 (size before relaxing)

.debug_loc      0x00000000      0x1c1
 *(.debug_loc)
 .debug_loc     0x00000000      0x1c1 Calibrate_Speed.o

.debug_macinfo
 *(.debug_macinfo)
OUTPUT(Calibrate_Speed.elf elf32-avr)
LOAD linker stubs
